Archive member included to satisfy reference by file (symbol)

c:/program files (x86)/atmel/studio/7.0/toolchain/avr8/avr8-gnu-toolchain/bin/../lib/gcc/avr/5.4.0/avr51\libgcc.a(_exit.o)
                              C:/Program Files (x86)/Atmel/Studio/7.0/Packs/atmel/ATmega_DFP/1.2.209/gcc/dev/atmega1284p/avr51/crtatmega1284p.o (exit)
c:/program files (x86)/atmel/studio/7.0/toolchain/avr8/avr8-gnu-toolchain/bin/../lib/gcc/avr/5.4.0/avr51\libgcc.a(_tablejump2.o)
                              main.o (__tablejump2__)
c:/program files (x86)/atmel/studio/7.0/toolchain/avr8/avr8-gnu-toolchain/bin/../lib/gcc/avr/5.4.0/avr51\libgcc.a(_copy_data.o)
                              main.o (__do_copy_data)
c:/program files (x86)/atmel/studio/7.0/toolchain/avr8/avr8-gnu-toolchain/bin/../lib/gcc/avr/5.4.0/avr51\libgcc.a(_clear_bss.o)
                              main.o (__do_clear_bss)
c:/program files (x86)/atmel/studio/7.0/toolchain/avr8/avr8-gnu-toolchain/bin/../lib/gcc/avr/5.4.0/avr51\libgcc.a(_ctors.o)
                              main.o (__do_global_ctors)

Discarded input sections

 .data          0x00000000        0x0 C:/Program Files (x86)/Atmel/Studio/7.0/Packs/atmel/ATmega_DFP/1.2.209/gcc/dev/atmega1284p/avr51/crtatmega1284p.o
 .bss           0x00000000        0x0 C:/Program Files (x86)/Atmel/Studio/7.0/Packs/atmel/ATmega_DFP/1.2.209/gcc/dev/atmega1284p/avr51/crtatmega1284p.o
 .group         0x00000000        0x8 main.o
 .group         0x00000000        0x8 main.o
 .group         0x00000000        0x8 main.o
 .group         0x00000000        0x8 main.o
 .group         0x00000000        0x8 main.o
 .group         0x00000000        0x8 main.o
 .group         0x00000000        0x8 main.o
 .group         0x00000000        0x8 main.o
 .group         0x00000000        0x8 main.o
 .group         0x00000000        0x8 main.o
 .group         0x00000000        0x8 main.o
 .group         0x00000000        0x8 main.o
 .group         0x00000000        0x8 main.o
 .group         0x00000000        0x8 main.o
 .group         0x00000000        0x8 main.o
 .group         0x00000000        0x8 main.o
 .group         0x00000000        0x8 main.o
 .group         0x00000000        0x8 main.o
 .group         0x00000000        0x8 main.o
 .group         0x00000000        0x8 main.o
 .group         0x00000000        0x8 main.o
 .group         0x00000000        0x8 main.o
 .group         0x00000000        0xc main.o
 .group         0x00000000        0x8 main.o
 .group         0x00000000        0x8 main.o
 .group         0x00000000        0x8 main.o
 .group         0x00000000        0x8 main.o
 .group         0x00000000        0x8 main.o
 .group         0x00000000        0xc main.o
 .group         0x00000000        0x8 main.o
 .group         0x00000000        0x8 main.o
 .group         0x00000000        0x8 main.o
 .group         0x00000000        0x8 main.o
 .group         0x00000000        0x8 main.o
 .group         0x00000000        0x8 main.o
 .group         0x00000000        0x8 main.o
 .group         0x00000000        0x8 main.o
 .group         0x00000000        0x8 main.o
 .group         0x00000000        0x8 main.o
 .group         0x00000000        0x8 main.o
 .group         0x00000000        0x8 main.o
 .text          0x00000000        0x0 main.o
 .data          0x00000000        0x0 main.o
 .bss           0x00000000        0x0 main.o
 .text._Z10asciitoimgiiiih
                0x00000000      0x52c main.o
 .bss.count     0x00000000        0x2 main.o
 .bss.read      0x00000000        0x1 main.o
 .bss.data_in   0x00000000       0x64 main.o
 .bss.Waiting_Status
                0x00000000        0x1 main.o
 .bss.Brightness_Status
                0x00000000        0x1 main.o
 .bss.Reset_Status
                0x00000000        0x1 main.o
 .bss.User_Add_Status
                0x00000000        0x1 main.o
 .bss.Device_Info_Status
                0x00000000        0x1 main.o
 .bss.User_Info_Status
                0x00000000        0x1 main.o
 .bss.clear_row
                0x00000000       0x80 main.o
 .data.NL       0x00000000        0x8 main.o
 .data.what     0x00000000        0x8 main.o
 .data.Z        0x00000000        0x8 main.o
 .data.Y        0x00000000        0x8 main.o
 .data.X        0x00000000        0x8 main.o
 .data.Q        0x00000000        0x8 main.o
 .data.P        0x00000000        0x8 main.o
 .data.M        0x00000000        0x8 main.o
 .data.L        0x00000000        0x8 main.o
 .data.K        0x00000000        0x8 main.o
 .data.J        0x00000000        0x8 main.o
 .data.Net0     0x00000000       0x10 main.o
 .data.Net1     0x00000000       0x10 main.o
 .data.Net2     0x00000000       0x10 main.o
 .data.Net4     0x00000000       0x10 main.o
 .data.batary0  0x00000000       0x20 main.o
 .bss.noneh     0x00000000       0x90 main.o
 .bss.none      0x00000000        0x8 main.o
 .text          0x00000000        0x0 OLED.o
 .data          0x00000000        0x0 OLED.o
 .bss           0x00000000        0x0 OLED.o
 .text          0x00000000        0x0 TWI.o
 .data          0x00000000        0x0 TWI.o
 .bss           0x00000000        0x0 TWI.o
 .text._ZN3TWI8twi_StopEv
                0x00000000        0x8 TWI.o
 .text._ZN3TWI12twi_SendByteEi
                0x00000000       0x16 TWI.o
 .text          0x00000000        0x0 c:/program files (x86)/atmel/studio/7.0/toolchain/avr8/avr8-gnu-toolchain/bin/../lib/gcc/avr/5.4.0/avr51\libgcc.a(_exit.o)
 .data          0x00000000        0x0 c:/program files (x86)/atmel/studio/7.0/toolchain/avr8/avr8-gnu-toolchain/bin/../lib/gcc/avr/5.4.0/avr51\libgcc.a(_exit.o)
 .bss           0x00000000        0x0 c:/program files (x86)/atmel/studio/7.0/toolchain/avr8/avr8-gnu-toolchain/bin/../lib/gcc/avr/5.4.0/avr51\libgcc.a(_exit.o)
 .text.libgcc.mul
                0x00000000        0x0 c:/program files (x86)/atmel/studio/7.0/toolchain/avr8/avr8-gnu-toolchain/bin/../lib/gcc/avr/5.4.0/avr51\libgcc.a(_exit.o)
 .text.libgcc.div
                0x00000000        0x0 c:/program files (x86)/atmel/studio/7.0/toolchain/avr8/avr8-gnu-toolchain/bin/../lib/gcc/avr/5.4.0/avr51\libgcc.a(_exit.o)
 .text.libgcc   0x00000000        0x0 c:/program files (x86)/atmel/studio/7.0/toolchain/avr8/avr8-gnu-toolchain/bin/../lib/gcc/avr/5.4.0/avr51\libgcc.a(_exit.o)
 .text.libgcc.prologue
                0x00000000        0x0 c:/program files (x86)/atmel/studio/7.0/toolchain/avr8/avr8-gnu-toolchain/bin/../lib/gcc/avr/5.4.0/avr51\libgcc.a(_exit.o)
 .text.libgcc.builtins
                0x00000000        0x0 c:/program files (x86)/atmel/studio/7.0/toolchain/avr8/avr8-gnu-toolchain/bin/../lib/gcc/avr/5.4.0/avr51\libgcc.a(_exit.o)
 .text.libgcc.fmul
                0x00000000        0x0 c:/program files (x86)/atmel/studio/7.0/toolchain/avr8/avr8-gnu-toolchain/bin/../lib/gcc/avr/5.4.0/avr51\libgcc.a(_exit.o)
 .text.libgcc.fixed
                0x00000000        0x0 c:/program files (x86)/atmel/studio/7.0/toolchain/avr8/avr8-gnu-toolchain/bin/../lib/gcc/avr/5.4.0/avr51\libgcc.a(_exit.o)
 .text          0x00000000        0x0 c:/program files (x86)/atmel/studio/7.0/toolchain/avr8/avr8-gnu-toolchain/bin/../lib/gcc/avr/5.4.0/avr51\libgcc.a(_tablejump2.o)
 .data          0x00000000        0x0 c:/program files (x86)/atmel/studio/7.0/toolchain/avr8/avr8-gnu-toolchain/bin/../lib/gcc/avr/5.4.0/avr51\libgcc.a(_tablejump2.o)
 .bss           0x00000000        0x0 c:/program files (x86)/atmel/studio/7.0/toolchain/avr8/avr8-gnu-toolchain/bin/../lib/gcc/avr/5.4.0/avr51\libgcc.a(_tablejump2.o)
 .text.libgcc.mul
                0x00000000        0x0 c:/program files (x86)/atmel/studio/7.0/toolchain/avr8/avr8-gnu-toolchain/bin/../lib/gcc/avr/5.4.0/avr51\libgcc.a(_tablejump2.o)
 .text.libgcc.div
                0x00000000        0x0 c:/program files (x86)/atmel/studio/7.0/toolchain/avr8/avr8-gnu-toolchain/bin/../lib/gcc/avr/5.4.0/avr51\libgcc.a(_tablejump2.o)
 .text.libgcc.prologue
                0x00000000        0x0 c:/program files (x86)/atmel/studio/7.0/toolchain/avr8/avr8-gnu-toolchain/bin/../lib/gcc/avr/5.4.0/avr51\libgcc.a(_tablejump2.o)
 .text.libgcc.builtins
                0x00000000        0x0 c:/program files (x86)/atmel/studio/7.0/toolchain/avr8/avr8-gnu-toolchain/bin/../lib/gcc/avr/5.4.0/avr51\libgcc.a(_tablejump2.o)
 .text.libgcc.fmul
                0x00000000        0x0 c:/program files (x86)/atmel/studio/7.0/toolchain/avr8/avr8-gnu-toolchain/bin/../lib/gcc/avr/5.4.0/avr51\libgcc.a(_tablejump2.o)
 .text.libgcc.fixed
                0x00000000        0x0 c:/program files (x86)/atmel/studio/7.0/toolchain/avr8/avr8-gnu-toolchain/bin/../lib/gcc/avr/5.4.0/avr51\libgcc.a(_tablejump2.o)
 .text          0x00000000        0x0 c:/program files (x86)/atmel/studio/7.0/toolchain/avr8/avr8-gnu-toolchain/bin/../lib/gcc/avr/5.4.0/avr51\libgcc.a(_copy_data.o)
 .data          0x00000000        0x0 c:/program files (x86)/atmel/studio/7.0/toolchain/avr8/avr8-gnu-toolchain/bin/../lib/gcc/avr/5.4.0/avr51\libgcc.a(_copy_data.o)
 .bss           0x00000000        0x0 c:/program files (x86)/atmel/studio/7.0/toolchain/avr8/avr8-gnu-toolchain/bin/../lib/gcc/avr/5.4.0/avr51\libgcc.a(_copy_data.o)
 .text.libgcc.mul
                0x00000000        0x0 c:/program files (x86)/atmel/studio/7.0/toolchain/avr8/avr8-gnu-toolchain/bin/../lib/gcc/avr/5.4.0/avr51\libgcc.a(_copy_data.o)
 .text.libgcc.div
                0x00000000        0x0 c:/program files (x86)/atmel/studio/7.0/toolchain/avr8/avr8-gnu-toolchain/bin/../lib/gcc/avr/5.4.0/avr51\libgcc.a(_copy_data.o)
 .text.libgcc   0x00000000        0x0 c:/program files (x86)/atmel/studio/7.0/toolchain/avr8/avr8-gnu-toolchain/bin/../lib/gcc/avr/5.4.0/avr51\libgcc.a(_copy_data.o)
 .text.libgcc.prologue
                0x00000000        0x0 c:/program files (x86)/atmel/studio/7.0/toolchain/avr8/avr8-gnu-toolchain/bin/../lib/gcc/avr/5.4.0/avr51\libgcc.a(_copy_data.o)
 .text.libgcc.builtins
                0x00000000        0x0 c:/program files (x86)/atmel/studio/7.0/toolchain/avr8/avr8-gnu-toolchain/bin/../lib/gcc/avr/5.4.0/avr51\libgcc.a(_copy_data.o)
 .text.libgcc.fmul
                0x00000000        0x0 c:/program files (x86)/atmel/studio/7.0/toolchain/avr8/avr8-gnu-toolchain/bin/../lib/gcc/avr/5.4.0/avr51\libgcc.a(_copy_data.o)
 .text.libgcc.fixed
                0x00000000        0x0 c:/program files (x86)/atmel/studio/7.0/toolchain/avr8/avr8-gnu-toolchain/bin/../lib/gcc/avr/5.4.0/avr51\libgcc.a(_copy_data.o)
 .text          0x00000000        0x0 c:/program files (x86)/atmel/studio/7.0/toolchain/avr8/avr8-gnu-toolchain/bin/../lib/gcc/avr/5.4.0/avr51\libgcc.a(_clear_bss.o)
 .data          0x00000000        0x0 c:/program files (x86)/atmel/studio/7.0/toolchain/avr8/avr8-gnu-toolchain/bin/../lib/gcc/avr/5.4.0/avr51\libgcc.a(_clear_bss.o)
 .bss           0x00000000        0x0 c:/program files (x86)/atmel/studio/7.0/toolchain/avr8/avr8-gnu-toolchain/bin/../lib/gcc/avr/5.4.0/avr51\libgcc.a(_clear_bss.o)
 .text.libgcc.mul
                0x00000000        0x0 c:/program files (x86)/atmel/studio/7.0/toolchain/avr8/avr8-gnu-toolchain/bin/../lib/gcc/avr/5.4.0/avr51\libgcc.a(_clear_bss.o)
 .text.libgcc.div
                0x00000000        0x0 c:/program files (x86)/atmel/studio/7.0/toolchain/avr8/avr8-gnu-toolchain/bin/../lib/gcc/avr/5.4.0/avr51\libgcc.a(_clear_bss.o)
 .text.libgcc   0x00000000        0x0 c:/program files (x86)/atmel/studio/7.0/toolchain/avr8/avr8-gnu-toolchain/bin/../lib/gcc/avr/5.4.0/avr51\libgcc.a(_clear_bss.o)
 .text.libgcc.prologue
                0x00000000        0x0 c:/program files (x86)/atmel/studio/7.0/toolchain/avr8/avr8-gnu-toolchain/bin/../lib/gcc/avr/5.4.0/avr51\libgcc.a(_clear_bss.o)
 .text.libgcc.builtins
                0x00000000        0x0 c:/program files (x86)/atmel/studio/7.0/toolchain/avr8/avr8-gnu-toolchain/bin/../lib/gcc/avr/5.4.0/avr51\libgcc.a(_clear_bss.o)
 .text.libgcc.fmul
                0x00000000        0x0 c:/program files (x86)/atmel/studio/7.0/toolchain/avr8/avr8-gnu-toolchain/bin/../lib/gcc/avr/5.4.0/avr51\libgcc.a(_clear_bss.o)
 .text.libgcc.fixed
                0x00000000        0x0 c:/program files (x86)/atmel/studio/7.0/toolchain/avr8/avr8-gnu-toolchain/bin/../lib/gcc/avr/5.4.0/avr51\libgcc.a(_clear_bss.o)
 .text          0x00000000        0x0 c:/program files (x86)/atmel/studio/7.0/toolchain/avr8/avr8-gnu-toolchain/bin/../lib/gcc/avr/5.4.0/avr51\libgcc.a(_ctors.o)
 .data          0x00000000        0x0 c:/program files (x86)/atmel/studio/7.0/toolchain/avr8/avr8-gnu-toolchain/bin/../lib/gcc/avr/5.4.0/avr51\libgcc.a(_ctors.o)
 .bss           0x00000000        0x0 c:/program files (x86)/atmel/studio/7.0/toolchain/avr8/avr8-gnu-toolchain/bin/../lib/gcc/avr/5.4.0/avr51\libgcc.a(_ctors.o)
 .text.libgcc.mul
                0x00000000        0x0 c:/program files (x86)/atmel/studio/7.0/toolchain/avr8/avr8-gnu-toolchain/bin/../lib/gcc/avr/5.4.0/avr51\libgcc.a(_ctors.o)
 .text.libgcc.div
                0x00000000        0x0 c:/program files (x86)/atmel/studio/7.0/toolchain/avr8/avr8-gnu-toolchain/bin/../lib/gcc/avr/5.4.0/avr51\libgcc.a(_ctors.o)
 .text.libgcc   0x00000000        0x0 c:/program files (x86)/atmel/studio/7.0/toolchain/avr8/avr8-gnu-toolchain/bin/../lib/gcc/avr/5.4.0/avr51\libgcc.a(_ctors.o)
 .text.libgcc.prologue
                0x00000000        0x0 c:/program files (x86)/atmel/studio/7.0/toolchain/avr8/avr8-gnu-toolchain/bin/../lib/gcc/avr/5.4.0/avr51\libgcc.a(_ctors.o)
 .text.libgcc.builtins
                0x00000000        0x0 c:/program files (x86)/atmel/studio/7.0/toolchain/avr8/avr8-gnu-toolchain/bin/../lib/gcc/avr/5.4.0/avr51\libgcc.a(_ctors.o)
 .text.libgcc.fmul
                0x00000000        0x0 c:/program files (x86)/atmel/studio/7.0/toolchain/avr8/avr8-gnu-toolchain/bin/../lib/gcc/avr/5.4.0/avr51\libgcc.a(_ctors.o)
 .text.libgcc.fixed
                0x00000000        0x0 c:/program files (x86)/atmel/studio/7.0/toolchain/avr8/avr8-gnu-toolchain/bin/../lib/gcc/avr/5.4.0/avr51\libgcc.a(_ctors.o)

Memory Configuration

Name             Origin             Length             Attributes
text             0x00000000         0x00020000         xr
data             0x00800100         0x0000ff00         rw !x
eeprom           0x00810000         0x00010000         rw !x
fuse             0x00820000         0x00000003         rw !x
lock             0x00830000         0x00000400         rw !x
signature        0x00840000         0x00000400         rw !x
user_signatures  0x00850000         0x00000400         rw !x
*default*        0x00000000         0xffffffff

Linker script and memory map

Address of section .data set to 0x800100
LOAD C:/Program Files (x86)/Atmel/Studio/7.0/Packs/atmel/ATmega_DFP/1.2.209/gcc/dev/atmega1284p/avr51/crtatmega1284p.o
LOAD main.o
LOAD OLED.o
LOAD TWI.o
START GROUP
LOAD c:/program files (x86)/atmel/studio/7.0/toolchain/avr8/avr8-gnu-toolchain/bin/../lib/gcc/avr/5.4.0/../../../../avr/lib/avr51\libm.a
END GROUP
LOAD c:/program files (x86)/atmel/studio/7.0/toolchain/avr8/avr8-gnu-toolchain/bin/../lib/gcc/avr/5.4.0/avr51\libgcc.a
LOAD c:/program files (x86)/atmel/studio/7.0/toolchain/avr8/avr8-gnu-toolchain/bin/../lib/gcc/avr/5.4.0/../../../../avr/lib/avr51\libm.a
START GROUP
LOAD c:/program files (x86)/atmel/studio/7.0/toolchain/avr8/avr8-gnu-toolchain/bin/../lib/gcc/avr/5.4.0/avr51\libgcc.a
LOAD c:/program files (x86)/atmel/studio/7.0/toolchain/avr8/avr8-gnu-toolchain/bin/../lib/gcc/avr/5.4.0/../../../../avr/lib/avr51\libm.a
LOAD c:/program files (x86)/atmel/studio/7.0/toolchain/avr8/avr8-gnu-toolchain/bin/../lib/gcc/avr/5.4.0/../../../../avr/lib/avr51\libc.a
LOAD C:/Program Files (x86)/Atmel/Studio/7.0/Packs/atmel/ATmega_DFP/1.2.209/gcc/dev/atmega1284p/avr51\libatmega1284p.a
END GROUP
                0x00020000                __TEXT_REGION_LENGTH__ = DEFINED (__TEXT_REGION_LENGTH__)?__TEXT_REGION_LENGTH__:0x20000
                0x0000ff00                __DATA_REGION_LENGTH__ = DEFINED (__DATA_REGION_LENGTH__)?__DATA_REGION_LENGTH__:0xff00
                0x00010000                __EEPROM_REGION_LENGTH__ = DEFINED (__EEPROM_REGION_LENGTH__)?__EEPROM_REGION_LENGTH__:0x10000
                [0x00000003]                __FUSE_REGION_LENGTH__ = DEFINED (__FUSE_REGION_LENGTH__)?__FUSE_REGION_LENGTH__:0x400
                0x00000400                __LOCK_REGION_LENGTH__ = DEFINED (__LOCK_REGION_LENGTH__)?__LOCK_REGION_LENGTH__:0x400
                0x00000400                __SIGNATURE_REGION_LENGTH__ = DEFINED (__SIGNATURE_REGION_LENGTH__)?__SIGNATURE_REGION_LENGTH__:0x400
                0x00000400                __USER_SIGNATURE_REGION_LENGTH__ = DEFINED (__USER_SIGNATURE_REGION_LENGTH__)?__USER_SIGNATURE_REGION_LENGTH__:0x400

.hash
 *(.hash)

.dynsym
 *(.dynsym)

.dynstr
 *(.dynstr)

.gnu.version
 *(.gnu.version)

.gnu.version_d
 *(.gnu.version_d)

.gnu.version_r
 *(.gnu.version_r)

.rel.init
 *(.rel.init)

.rela.init
 *(.rela.init)

.rel.text
 *(.rel.text)
 *(.rel.text.*)
 *(.rel.gnu.linkonce.t*)

.rela.text
 *(.rela.text)
 *(.rela.text.*)
 *(.rela.gnu.linkonce.t*)

.rel.fini
 *(.rel.fini)

.rela.fini
 *(.rela.fini)

.rel.rodata
 *(.rel.rodata)
 *(.rel.rodata.*)
 *(.rel.gnu.linkonce.r*)

.rela.rodata
 *(.rela.rodata)
 *(.rela.rodata.*)
 *(.rela.gnu.linkonce.r*)

.rel.data
 *(.rel.data)
 *(.rel.data.*)
 *(.rel.gnu.linkonce.d*)

.rela.data
 *(.rela.data)
 *(.rela.data.*)
 *(.rela.gnu.linkonce.d*)

.rel.ctors
 *(.rel.ctors)

.rela.ctors
 *(.rela.ctors)

.rel.dtors
 *(.rel.dtors)

.rela.dtors
 *(.rela.dtors)

.rel.got
 *(.rel.got)

.rela.got
 *(.rela.got)

.rel.bss
 *(.rel.bss)

.rela.bss
 *(.rela.bss)

.rel.plt
 *(.rel.plt)

.rela.plt
 *(.rela.plt)

.text           0x00000000     0x3512
 *(.vectors)
 .vectors       0x00000000       0x8c C:/Program Files (x86)/Atmel/Studio/7.0/Packs/atmel/ATmega_DFP/1.2.209/gcc/dev/atmega1284p/avr51/crtatmega1284p.o
                0x00000000                __vector_default
                0x00000000                __vectors
 *(.vectors)
 *(.progmem.gcc*)
 .progmem.gcc_sw_table._ZN13Password_Menu6choiseEv
                0x0000008c       0x16 main.o
 .progmem.gcc_sw_table._ZN13Password_Menu7actionsEv
                0x000000a2       0x16 main.o
 .progmem.gcc_sw_table._Z5checkv
                0x000000b8       0x16 main.o
                0x000000ce                . = ALIGN (0x2)
                0x000000ce                __trampolines_start = .
 *(.trampolines)
 .trampolines   0x000000ce        0x0 linker stubs
 *(.trampolines*)
                0x000000ce                __trampolines_end = .
 *libprintf_flt.a:*(.progmem.data)
 *libc.a:*(.progmem.data)
 *(.progmem*)
                0x000000ce                . = ALIGN (0x2)
 *(.jumptables)
 *(.jumptables*)
 *(.lowtext)
 *(.lowtext*)
                0x000000ce                __ctors_start = .
 *(.ctors)
 .ctors         0x000000ce        0x2 main.o
                0x000000d0                __ctors_end = .
                0x000000d0                __dtors_start = .
 *(.dtors)
                0x000000d0                __dtors_end = .
 SORT(*)(.ctors)
 SORT(*)(.dtors)
 *(.init0)
 .init0         0x000000d0        0x0 C:/Program Files (x86)/Atmel/Studio/7.0/Packs/atmel/ATmega_DFP/1.2.209/gcc/dev/atmega1284p/avr51/crtatmega1284p.o
                0x000000d0                __init
 *(.init0)
 *(.init1)
 *(.init1)
 *(.init2)
 .init2         0x000000d0        0xc C:/Program Files (x86)/Atmel/Studio/7.0/Packs/atmel/ATmega_DFP/1.2.209/gcc/dev/atmega1284p/avr51/crtatmega1284p.o
 *(.init2)
 *(.init3)
 *(.init3)
 *(.init4)
 .init4         0x000000dc       0x1a c:/program files (x86)/atmel/studio/7.0/toolchain/avr8/avr8-gnu-toolchain/bin/../lib/gcc/avr/5.4.0/avr51\libgcc.a(_copy_data.o)
                0x000000dc                __do_copy_data
 .init4         0x000000f6       0x10 c:/program files (x86)/atmel/studio/7.0/toolchain/avr8/avr8-gnu-toolchain/bin/../lib/gcc/avr/5.4.0/avr51\libgcc.a(_clear_bss.o)
                0x000000f6                __do_clear_bss
 *(.init4)
 *(.init5)
 *(.init5)
 *(.init6)
 .init6         0x00000106       0x16 c:/program files (x86)/atmel/studio/7.0/toolchain/avr8/avr8-gnu-toolchain/bin/../lib/gcc/avr/5.4.0/avr51\libgcc.a(_ctors.o)
                0x00000106                __do_global_ctors
 *(.init6)
 *(.init7)
 *(.init7)
 *(.init8)
 *(.init8)
 *(.init9)
 .init9         0x0000011c        0x8 C:/Program Files (x86)/Atmel/Studio/7.0/Packs/atmel/ATmega_DFP/1.2.209/gcc/dev/atmega1284p/avr51/crtatmega1284p.o
 *(.init9)
 *(.text)
 .text          0x00000124        0x2 C:/Program Files (x86)/Atmel/Studio/7.0/Packs/atmel/ATmega_DFP/1.2.209/gcc/dev/atmega1284p/avr51/crtatmega1284p.o
                0x00000124                __vector_22
                0x00000124                __vector_28
                0x00000124                __vector_1
                0x00000124                __vector_32
                0x00000124                __vector_34
                0x00000124                __vector_24
                0x00000124                __vector_12
                0x00000124                __bad_interrupt
                0x00000124                __vector_6
                0x00000124                __vector_31
                0x00000124                __vector_3
                0x00000124                __vector_23
                0x00000124                __vector_30
                0x00000124                __vector_25
                0x00000124                __vector_11
                0x00000124                __vector_13
                0x00000124                __vector_17
                0x00000124                __vector_19
                0x00000124                __vector_7
                0x00000124                __vector_27
                0x00000124                __vector_5
                0x00000124                __vector_33
                0x00000124                __vector_9
                0x00000124                __vector_2
                0x00000124                __vector_21
                0x00000124                __vector_15
                0x00000124                __vector_29
                0x00000124                __vector_8
                0x00000124                __vector_26
                0x00000124                __vector_14
                0x00000124                __vector_10
                0x00000124                __vector_16
                0x00000124                __vector_18
                0x00000124                __vector_20
                0x00000126                . = ALIGN (0x2)
 *(.text.*)
 .text._ZN9Main_Menu7refreshEv
                0x00000126       0x26 main.o
                0x00000126                _ZN9Main_Menu7refreshEv
 .text._ZN9Main_Menu4nextEv
                0x0000014c       0x34 main.o
                0x0000014c                _ZN9Main_Menu4nextEv
 .text._ZN9Main_Menu8previousEv
                0x00000180       0x34 main.o
                0x00000180                _ZN9Main_Menu8previousEv
 .text._ZN9Main_Menu6choiseEv
                0x000001b4       0x66 main.o
                0x000001b4                _ZN9Main_Menu6choiseEv
 .text._ZN9Main_Menu4backEv
                0x0000021a        0x2 main.o
                0x0000021a                _ZN9Main_Menu4backEv
 .text._ZN9Main_Menu7animateEv
                0x0000021c        0x2 main.o
                0x0000021c                _ZN9Main_Menu7animateEv
 .text._ZN13Password_Menu7refreshEv
                0x0000021e       0x26 main.o
                0x0000021e                _ZN13Password_Menu7refreshEv
 .text._ZN13Password_Menu4nextEv
                0x00000244       0x34 main.o
                0x00000244                _ZN13Password_Menu4nextEv
 .text._ZN13Password_Menu8previousEv
                0x00000278       0x34 main.o
                0x00000278                _ZN13Password_Menu8previousEv
 .text._ZN13Password_Menu7animateEv
                0x000002ac        0x2 main.o
                0x000002ac                _ZN13Password_Menu7animateEv
 .text._ZN13Settings_Menu7refreshEv
                0x000002ae       0x26 main.o
                0x000002ae                _ZN13Settings_Menu7refreshEv
 .text._ZN13Settings_Menu4nextEv
                0x000002d4       0x34 main.o
                0x000002d4                _ZN13Settings_Menu4nextEv
 .text._ZN13Settings_Menu8previousEv
                0x00000308       0x34 main.o
                0x00000308                _ZN13Settings_Menu8previousEv
 .text._ZN13Settings_Menu6choiseEv
                0x0000033c       0x1e main.o
                0x0000033c                _ZN13Settings_Menu6choiseEv
 .text._ZN13Settings_Menu4backEv
                0x0000035a       0x1c main.o
                0x0000035a                _ZN13Settings_Menu4backEv
 .text._ZN13Settings_Menu7animateEv
                0x00000376        0x2 main.o
                0x00000376                _ZN13Settings_Menu7animateEv
 .text._ZN9Info_menu7refreshEv
                0x00000378       0x26 main.o
                0x00000378                _ZN9Info_menu7refreshEv
 .text._ZN9Info_menu4nextEv
                0x0000039e       0x34 main.o
                0x0000039e                _ZN9Info_menu4nextEv
 .text._ZN9Info_menu8previousEv
                0x000003d2       0x34 main.o
                0x000003d2                _ZN9Info_menu8previousEv
 .text._ZN9Info_menu6choiseEv
                0x00000406       0x1e main.o
                0x00000406                _ZN9Info_menu6choiseEv
 .text._ZN9Info_menu4backEv
                0x00000424       0x1c main.o
                0x00000424                _ZN9Info_menu4backEv
 .text._ZN9Info_menu7animateEv
                0x00000440        0x2 main.o
                0x00000440                _ZN9Info_menu7animateEv
 .text._ZN13Password_Menu6choiseEv
                0x00000442      0x4b6 main.o
                0x00000442                _ZN13Password_Menu6choiseEv
 .text._ZN13Password_Menu4backEv
                0x000008f8       0xc0 main.o
                0x000008f8                _ZN13Password_Menu4backEv
 .text._ZN9Info_menu7actionsEv
                0x000009b8      0x436 main.o
                0x000009b8                _ZN9Info_menu7actionsEv
 .text._ZN9Info_menu7DefaultEv
                0x00000dee       0x68 main.o
                0x00000dee                _ZN9Info_menu7DefaultEv
 .text._ZN13Settings_Menu7actionsEv
                0x00000e56      0x6fa main.o
                0x00000e56                _ZN13Settings_Menu7actionsEv
 .text._ZN13Settings_Menu7DefaultEv
                0x00001550       0x68 main.o
                0x00001550                _ZN13Settings_Menu7DefaultEv
 .text._ZN13Password_Menu7actionsEv
                0x000015b8      0x836 main.o
                0x000015b8                _ZN13Password_Menu7actionsEv
 .text._ZN13Password_Menu7DefaultEv
                0x00001dee       0xa4 main.o
                0x00001dee                _ZN13Password_Menu7DefaultEv
 .text._ZN9Main_Menu7actionsEv
                0x00001e92      0x106 main.o
                0x00001e92                _ZN9Main_Menu7actionsEv
 .text._ZN9Main_Menu7DefaultEv
                0x00001f98       0x56 main.o
                0x00001f98                _ZN9Main_Menu7DefaultEv
 .text._ZN9Info_menu5closeEv
                0x00001fee       0x1a main.o
                0x00001fee                _ZN9Info_menu5closeEv
 .text._ZN13Settings_Menu5closeEv
                0x00002008       0x1a main.o
                0x00002008                _ZN13Settings_Menu5closeEv
 .text._ZN13Password_Menu5closeEv
                0x00002022       0x1a main.o
                0x00002022                _ZN13Password_Menu5closeEv
 .text._ZN9Main_Menu5closeEv
                0x0000203c        0xa main.o
                0x0000203c                _ZN9Main_Menu5closeEv
 .text.__vector_4
                0x00002046      0x1b8 main.o
                0x00002046                __vector_4
 .text._Z5checkv
                0x000021fe      0xa60 main.o
                0x000021fe                _Z5checkv
 .text._ZN6Batary19printlvltoOLEDbuferEv
                0x00002c5e       0xee main.o
                0x00002c5e                _ZN6Batary19printlvltoOLEDbuferEv
 .text._Z10USART_Initv
                0x00002d4c       0x1c main.o
                0x00002d4c                _Z10USART_Initv
 .text._Z9send_Uartc
                0x00002d68       0x10 main.o
                0x00002d68                _Z9send_Uartc
 .text._Z13send_Uart_strPKc
                0x00002d78       0x1c main.o
                0x00002d78                _Z13send_Uart_strPKc
 .text.main     0x00002d94      0x2cc main.o
                0x00002d94                main
 .text._GLOBAL__sub_I_zero
                0x00003060       0xd8 main.o
 .text._ZN4OLED12OLED_CommandEi
                0x00003138       0x2c OLED.o
                0x00003138                _ZN4OLED12OLED_CommandEi
 .text._ZN4OLED9OLED_DataEi
                0x00003164       0x16 OLED.o
                0x00003164                _ZN4OLED9OLED_DataEi
 .text._ZN4OLED16OLED_Write_BuferEv
                0x0000317a       0x32 OLED.o
                0x0000317a                _ZN4OLED16OLED_Write_BuferEv
 .text._ZN4OLED16OLED_Bufer_ClearEv
                0x000031ac        0xe OLED.o
                0x000031ac                _ZN4OLED16OLED_Bufer_ClearEv
 .text._ZN4OLEDC2E3TWI
                0x000031ba      0x114 OLED.o
                0x000031ba                _ZN4OLEDC2E3TWI
                0x000031ba                _ZN4OLEDC1E3TWI
 .text._ZN4OLED21OLED_Clear_Bufer_partEiiii
                0x000032ce       0x9e OLED.o
                0x000032ce                _ZN4OLED21OLED_Clear_Bufer_partEiiii
 .text._ZN4OLED19OLED_Write_To_BuferEiiiiPKh
                0x0000336c      0x15a OLED.o
                0x0000336c                _ZN4OLED19OLED_Write_To_BuferEiiiiPKh
 .text._ZN3TWIC2Ev
                0x000034c6        0x2 TWI.o
                0x000034c6                _ZN3TWIC1Ev
                0x000034c6                _ZN3TWIC2Ev
 .text._ZN3TWI8twi_InitEv
                0x000034c8        0xa TWI.o
                0x000034c8                _ZN3TWI8twi_InitEv
 .text._ZN3TWI14twi_SendAdressEv
                0x000034d2       0x18 TWI.o
                0x000034d2                _ZN3TWI14twi_SendAdressEv
 .text._ZN3TWI9twi_StartEv
                0x000034ea       0x12 TWI.o
                0x000034ea                _ZN3TWI9twi_StartEv
 .text.libgcc   0x000034fc       0x12 c:/program files (x86)/atmel/studio/7.0/toolchain/avr8/avr8-gnu-toolchain/bin/../lib/gcc/avr/5.4.0/avr51\libgcc.a(_tablejump2.o)
                0x000034fc                __tablejump2__
                0x0000350e                . = ALIGN (0x2)
 *(.fini9)
 .fini9         0x0000350e        0x0 c:/program files (x86)/atmel/studio/7.0/toolchain/avr8/avr8-gnu-toolchain/bin/../lib/gcc/avr/5.4.0/avr51\libgcc.a(_exit.o)
                0x0000350e                _exit
                0x0000350e                exit
 *(.fini9)
 *(.fini8)
 *(.fini8)
 *(.fini7)
 *(.fini7)
 *(.fini6)
 *(.fini6)
 *(.fini5)
 *(.fini5)
 *(.fini4)
 *(.fini4)
 *(.fini3)
 *(.fini3)
 *(.fini2)
 *(.fini2)
 *(.fini1)
 *(.fini1)
 *(.fini0)
 .fini0         0x0000350e        0x4 c:/program files (x86)/atmel/studio/7.0/toolchain/avr8/avr8-gnu-toolchain/bin/../lib/gcc/avr/5.4.0/avr51\libgcc.a(_exit.o)
 *(.fini0)
                0x00003512                _etext = .

.data           0x00800100      0x4c8 load address 0x00003512
                0x00800100                PROVIDE (__data_start, .)
 *(.data)
 *(.data*)
 .data.Main_Menu_Status
                0x00800100        0x1 main.o
                0x00800100                Main_Menu_Status
 .data.backk    0x00800101       0x10 main.o
                0x00800101                backk
 .data.W        0x00800111        0x8 main.o
                0x00800111                W
 .data.V        0x00800119        0x8 main.o
                0x00800119                V
 .data.U        0x00800121        0x8 main.o
                0x00800121                U
 .data.T        0x00800129        0x8 main.o
                0x00800129                T
 .data.S        0x00800131        0x8 main.o
                0x00800131                S
 .data.R        0x00800139        0x8 main.o
                0x00800139                R
 .data.O        0x00800141        0x8 main.o
                0x00800141                O
 .data.N        0x00800149        0x8 main.o
                0x00800149                N
 .data.I        0x00800151        0x8 main.o
                0x00800151                I
 .data.H        0x00800159        0x8 main.o
                0x00800159                H
 .data.G        0x00800161        0x8 main.o
                0x00800161                G
 .data.F        0x00800169        0x8 main.o
                0x00800169                F
 .data.E        0x00800171        0x8 main.o
                0x00800171                E
 .data.D        0x00800179        0x8 main.o
                0x00800179                D
 .data.C        0x00800181        0x8 main.o
                0x00800181                C
 .data.B        0x00800189        0x8 main.o
                0x00800189                B
 .data.A        0x00800191        0x8 main.o
                0x00800191                A
 .data.Net3     0x00800199       0x10 main.o
                0x00800199                Net3
 .data.batary1  0x008001a9       0x20 main.o
                0x008001a9                batary1
 .data.batary2  0x008001c9       0x20 main.o
                0x008001c9                batary2
 .data.batary3  0x008001e9       0x20 main.o
                0x008001e9                batary3
 .data.batary4  0x00800209       0x20 main.o
                0x00800209                batary4
 .data.batary5  0x00800229       0x20 main.o
                0x00800229                batary5
 .data.downwd   0x00800249       0x10 main.o
                0x00800249                downwd
 .data.upwd     0x00800259       0x10 main.o
                0x00800259                upwd
 .data.lt       0x00800269       0x10 main.o
                0x00800269                lt
 .data.unlock   0x00800279       0x80 main.o
                0x00800279                unlock
 .data.rt       0x008002f9       0x10 main.o
                0x008002f9                rt
 .data.lock     0x00800309       0x80 main.o
                0x00800309                lock
 .data.info     0x00800389       0x90 main.o
                0x00800389                info
 .data.gear     0x00800419       0x90 main.o
                0x00800419                gear
 .data.downn    0x008004a9        0x8 main.o
                0x008004a9                downn
 .data.upp      0x008004b1        0x8 main.o
                0x008004b1                upp
 .data.arrow    0x008004b9        0x8 main.o
                0x008004b9                arrow
 .data.line     0x008004c1        0x8 main.o
                0x008004c1                line
 .data.nine     0x008004c9        0x8 main.o
                0x008004c9                nine
 .data.eight    0x008004d1        0x8 main.o
                0x008004d1                eight
 .data.seven    0x008004d9        0x8 main.o
                0x008004d9                seven
 .data.six      0x008004e1        0x8 main.o
                0x008004e1                six
 .data.five     0x008004e9        0x8 main.o
                0x008004e9                five
 .data.four     0x008004f1        0x8 main.o
                0x008004f1                four
 .data.three    0x008004f9        0x8 main.o
                0x008004f9                three
 .data.two      0x00800501        0x8 main.o
                0x00800501                two
 .data.one      0x00800509        0x8 main.o
                0x00800509                one
 .data.zero     0x00800511        0x8 main.o
                0x00800511                zero
 *(.gnu.linkonce.d*)
 *(.rodata)
 .rodata        0x00800519       0x18 main.o
 *(.rodata*)
 .rodata.str1.1
                0x00800531       0x3e main.o
 .rodata._ZTV9Main_Menu
                0x0080056f       0x16 main.o
                0x0080056f                _ZTV9Main_Menu
 .rodata._ZTV13Password_Menu
                0x00800585       0x16 main.o
                0x00800585                _ZTV13Password_Menu
 .rodata._ZTV13Settings_Menu
                0x0080059b       0x16 main.o
                0x0080059b                _ZTV13Settings_Menu
 .rodata._ZTV9Info_menu
                0x008005b1       0x16 main.o
                0x008005b1                _ZTV9Info_menu
 *(.gnu.linkonce.r*)
                0x008005c8                . = ALIGN (0x2)
 *fill*         0x008005c7        0x1 
                0x008005c8                _edata = .
                0x008005c8                PROVIDE (__data_end, .)

.bss            0x008005c8      0x446
                0x008005c8                PROVIDE (__bss_start, .)
 *(.bss)
 *(.bss*)
 .bss.batary    0x008005c8        0x2 main.o
                0x008005c8                batary
 .bss.btn12     0x008005ca        0x1 main.o
                0x008005ca                btn12
 .bss.btn03     0x008005cb        0x1 main.o
                0x008005cb                btn03
 .bss.btn3      0x008005cc        0x1 main.o
                0x008005cc                btn3
 .bss.btn2      0x008005cd        0x1 main.o
                0x008005cd                btn2
 .bss.btn1      0x008005ce        0x1 main.o
                0x008005ce                btn1
 .bss.btn0      0x008005cf        0x1 main.o
                0x008005cf                btn0
 .bss.menu      0x008005d0        0x6 main.o
                0x008005d0                menu
 .bss.passw_menu
                0x008005d6       0x14 main.o
                0x008005d6                passw_menu
 .bss.sett_menu
                0x008005ea       0x10 main.o
                0x008005ea                sett_menu
 .bss.inf_menu  0x008005fa        0xe main.o
                0x008005fa                inf_menu
 .bss.locked    0x00800608        0x1 main.o
                0x00800608                locked
 .bss.Info_Menu_Status
                0x00800609        0x1 main.o
                0x00800609                Info_Menu_Status
 .bss.Settings_Menu_Status
                0x0080060a        0x1 main.o
                0x0080060a                Settings_Menu_Status
 .bss.Password_Menu_Status
                0x0080060b        0x1 main.o
                0x0080060b                Password_Menu_Status
 .bss.oled      0x0080060c      0x401 main.o
                0x0080060c                oled
 .bss.wire      0x00800a0d        0x1 main.o
                0x00800a0d                wire
 *(COMMON)
                0x00800a0e                PROVIDE (__bss_end, .)
                0x00003512                __data_load_start = LOADADDR (.data)
                0x000039da                __data_load_end = (__data_load_start + SIZEOF (.data))

.noinit         0x00800a0e        0x0
                [!provide]                PROVIDE (__noinit_start, .)
 *(.noinit*)
                [!provide]                PROVIDE (__noinit_end, .)
                0x00800a0e                _end = .
                [!provide]                PROVIDE (__heap_start, .)

.eeprom         0x00810000        0x0
 *(.eeprom*)
                0x00810000                __eeprom_end = .

.fuse
 *(.fuse)
 *(.lfuse)
 *(.hfuse)
 *(.efuse)

.lock
 *(.lock*)

.signature
 *(.signature*)

.user_signatures
 *(.user_signatures*)

.stab
 *(.stab)

.stabstr
 *(.stabstr)

.stab.excl
 *(.stab.excl)

.stab.exclstr
 *(.stab.exclstr)

.stab.index
 *(.stab.index)

.stab.indexstr
 *(.stab.indexstr)

.comment        0x00000000       0x30
 *(.comment)
 .comment       0x00000000       0x30 main.o
                                 0x31 (size before relaxing)
 .comment       0x00000030       0x31 OLED.o
 .comment       0x00000030       0x31 TWI.o

.note.gnu.avr.deviceinfo
                0x00000000       0x40
 .note.gnu.avr.deviceinfo
                0x00000000       0x40 C:/Program Files (x86)/Atmel/Studio/7.0/Packs/atmel/ATmega_DFP/1.2.209/gcc/dev/atmega1284p/avr51/crtatmega1284p.o

.note.gnu.build-id
 *(.note.gnu.build-id)

.debug
 *(.debug)

.line
 *(.line)

.debug_srcinfo
 *(.debug_srcinfo)

.debug_sfnames
 *(.debug_sfnames)

.debug_aranges  0x00000000      0x218
 *(.debug_aranges)
 .debug_aranges
                0x00000000      0x180 main.o
 .debug_aranges
                0x00000180       0x50 OLED.o
 .debug_aranges
                0x000001d0       0x48 TWI.o

.debug_pubnames
 *(.debug_pubnames)

.debug_info     0x00000000     0x773b
 *(.debug_info .gnu.linkonce.wi.*)
 .debug_info    0x00000000      0x792 C:/Program Files (x86)/Atmel/Studio/7.0/Packs/atmel/ATmega_DFP/1.2.209/gcc/dev/atmega1284p/avr51/crtatmega1284p.o
 .debug_info    0x00000792     0x63c2 main.o
 .debug_info    0x00006b54      0x996 OLED.o
 .debug_info    0x000074ea      0x251 TWI.o

.debug_abbrev   0x00000000      0xf7a
 *(.debug_abbrev)
 .debug_abbrev  0x00000000      0x729 C:/Program Files (x86)/Atmel/Studio/7.0/Packs/atmel/ATmega_DFP/1.2.209/gcc/dev/atmega1284p/avr51/crtatmega1284p.o
 .debug_abbrev  0x00000729      0x523 main.o
 .debug_abbrev  0x00000c4c      0x200 OLED.o
 .debug_abbrev  0x00000e4c      0x12e TWI.o

.debug_line     0x00000000     0x1a3e
 *(.debug_line .debug_line.* .debug_line_end)
 .debug_line    0x00000000      0x169 C:/Program Files (x86)/Atmel/Studio/7.0/Packs/atmel/ATmega_DFP/1.2.209/gcc/dev/atmega1284p/avr51/crtatmega1284p.o
 .debug_line    0x00000169     0x14fe main.o
 .debug_line    0x00001667      0x2f4 OLED.o
 .debug_line    0x0000195b       0xe3 TWI.o

.debug_frame    0x00000000      0x6f4
 *(.debug_frame)
 .debug_frame   0x00000000      0x540 main.o
 .debug_frame   0x00000540      0x140 OLED.o
 .debug_frame   0x00000680       0x74 TWI.o

.debug_str      0x00000000      0xeb4
 *(.debug_str)
 .debug_str     0x00000000      0x296 C:/Program Files (x86)/Atmel/Studio/7.0/Packs/atmel/ATmega_DFP/1.2.209/gcc/dev/atmega1284p/avr51/crtatmega1284p.o
 .debug_str     0x00000296      0xbcc main.o
                                0xc27 (size before relaxing)
 .debug_str     0x00000e62       0x39 OLED.o
                                0x3b7 (size before relaxing)
 .debug_str     0x00000e9b       0x19 TWI.o
                                0x246 (size before relaxing)

.debug_loc      0x00000000     0x3e20
 *(.debug_loc)
 .debug_loc     0x00000000     0x36d8 main.o
 .debug_loc     0x000036d8      0x6b0 OLED.o
 .debug_loc     0x00003d88       0x98 TWI.o

.debug_macinfo
 *(.debug_macinfo)

.debug_weaknames
 *(.debug_weaknames)

.debug_funcnames
 *(.debug_funcnames)

.debug_typenames
 *(.debug_typenames)

.debug_varnames
 *(.debug_varnames)

.debug_pubtypes
 *(.debug_pubtypes)

.debug_ranges   0x00000000      0x260
 *(.debug_ranges)
 .debug_ranges  0x00000000      0x1d0 main.o
 .debug_ranges  0x000001d0       0x58 OLED.o
 .debug_ranges  0x00000228       0x38 TWI.o

.debug_macro
 *(.debug_macro)
OUTPUT(SmartLock.elf elf32-avr)
LOAD linker stubs
