Archive member included to satisfy reference by file (symbol)

c:/program files (x86)/atmel/studio/7.0/toolchain/avr8/avr8-gnu-toolchain/bin/../lib/gcc/avr/5.4.0/avr51\libgcc.a(_exit.o)
                              C:/Program Files (x86)/Atmel/Studio/7.0/Packs/atmel/ATmega_DFP/1.2.209/gcc/dev/atmega1284p/avr51/crtatmega1284p.o (exit)
c:/program files (x86)/atmel/studio/7.0/toolchain/avr8/avr8-gnu-toolchain/bin/../lib/gcc/avr/5.4.0/avr51\libgcc.a(_tablejump2.o)
                              main.o (__tablejump2__)
c:/program files (x86)/atmel/studio/7.0/toolchain/avr8/avr8-gnu-toolchain/bin/../lib/gcc/avr/5.4.0/avr51\libgcc.a(_copy_data.o)
                              main.o (__do_copy_data)
c:/program files (x86)/atmel/studio/7.0/toolchain/avr8/avr8-gnu-toolchain/bin/../lib/gcc/avr/5.4.0/avr51\libgcc.a(_clear_bss.o)
                              main.o (__do_clear_bss)
c:/program files (x86)/atmel/studio/7.0/toolchain/avr8/avr8-gnu-toolchain/bin/../lib/gcc/avr/5.4.0/avr51\libgcc.a(_ctors.o)
                              main.o (__do_global_ctors)

Discarded input sections

 .data          0x00000000        0x0 C:/Program Files (x86)/Atmel/Studio/7.0/Packs/atmel/ATmega_DFP/1.2.209/gcc/dev/atmega1284p/avr51/crtatmega1284p.o
 .bss           0x00000000        0x0 C:/Program Files (x86)/Atmel/Studio/7.0/Packs/atmel/ATmega_DFP/1.2.209/gcc/dev/atmega1284p/avr51/crtatmega1284p.o
 .group         0x00000000        0x8 main.o
 .group         0x00000000        0x8 main.o
 .group         0x00000000        0x8 main.o
 .group         0x00000000        0x8 main.o
 .group         0x00000000        0x8 main.o
 .group         0x00000000        0x8 main.o
 .group         0x00000000        0x8 main.o
 .group         0x00000000        0x8 main.o
 .group         0x00000000        0x8 main.o
 .group         0x00000000        0x8 main.o
 .group         0x00000000        0x8 main.o
 .group         0x00000000        0x8 main.o
 .group         0x00000000        0x8 main.o
 .group         0x00000000        0x8 main.o
 .group         0x00000000        0x8 main.o
 .group         0x00000000        0x8 main.o
 .group         0x00000000        0x8 main.o
 .group         0x00000000        0x8 main.o
 .group         0x00000000        0x8 main.o
 .group         0x00000000        0x8 main.o
 .group         0x00000000        0x8 main.o
 .group         0x00000000        0x8 main.o
 .group         0x00000000        0x8 main.o
 .group         0x00000000        0x8 main.o
 .group         0x00000000        0x8 main.o
 .group         0x00000000        0x8 main.o
 .group         0x00000000        0x8 main.o
 .group         0x00000000        0x8 main.o
 .group         0x00000000        0x8 main.o
 .group         0x00000000        0x8 main.o
 .group         0x00000000        0x8 main.o
 .group         0x00000000        0x8 main.o
 .group         0x00000000        0x8 main.o
 .group         0x00000000        0x8 main.o
 .group         0x00000000        0x8 main.o
 .group         0x00000000        0xc main.o
 .group         0x00000000        0x8 main.o
 .group         0x00000000        0x8 main.o
 .group         0x00000000        0x8 main.o
 .group         0x00000000        0x8 main.o
 .group         0x00000000        0x8 main.o
 .group         0x00000000        0xc main.o
 .group         0x00000000        0x8 main.o
 .group         0x00000000        0x8 main.o
 .group         0x00000000        0x8 main.o
 .group         0x00000000        0x8 main.o
 .group         0x00000000        0x8 main.o
 .group         0x00000000        0x8 main.o
 .group         0x00000000        0x8 main.o
 .group         0x00000000        0x8 main.o
 .group         0x00000000        0x8 main.o
 .group         0x00000000        0x8 main.o
 .group         0x00000000        0x8 main.o
 .group         0x00000000        0x8 main.o
 .group         0x00000000        0x8 main.o
 .group         0x00000000        0x8 main.o
 .group         0x00000000        0x8 main.o
 .group         0x00000000        0x8 main.o
 .group         0x00000000        0x8 main.o
 .group         0x00000000        0x8 main.o
 .group         0x00000000        0x8 main.o
 .text          0x00000000        0x0 main.o
 .data          0x00000000        0x0 main.o
 .bss           0x00000000        0x0 main.o
 .text._Z10asciitoimgiiiih
                0x00000000      0x52c main.o
 .bss.count     0x00000000        0x2 main.o
 .bss.read      0x00000000        0x1 main.o
 .bss.data_in   0x00000000       0x64 main.o
 .bss.Waiting_Status
                0x00000000        0x1 main.o
 .bss.Brightness_Status
                0x00000000        0x1 main.o
 .bss.Reset_Status
                0x00000000        0x1 main.o
 .bss.User_Add_Status
                0x00000000        0x1 main.o
 .bss.clear_row
                0x00000000       0x80 main.o
 .data.NL       0x00000000        0x8 main.o
 .data.what     0x00000000        0x8 main.o
 .data.Z        0x00000000        0x8 main.o
 .data.X        0x00000000        0x8 main.o
 .data.Q        0x00000000        0x8 main.o
 .data.P        0x00000000        0x8 main.o
 .data.L        0x00000000        0x8 main.o
 .data.Net0     0x00000000       0x10 main.o
 .data.Net1     0x00000000       0x10 main.o
 .data.Net2     0x00000000       0x10 main.o
 .data.Net4     0x00000000       0x10 main.o
 .data.batary0  0x00000000       0x20 main.o
 .bss.noneh     0x00000000       0x90 main.o
 .bss.none      0x00000000        0x8 main.o
 .text          0x00000000        0x0 OLED.o
 .data          0x00000000        0x0 OLED.o
 .bss           0x00000000        0x0 OLED.o
 .text          0x00000000        0x0 TWI.o
 .data          0x00000000        0x0 TWI.o
 .bss           0x00000000        0x0 TWI.o
 .text._ZN3TWI8twi_StopEv
                0x00000000        0x8 TWI.o
 .text._ZN3TWI12twi_SendByteEi
                0x00000000       0x16 TWI.o
 .text          0x00000000        0x0 c:/program files (x86)/atmel/studio/7.0/toolchain/avr8/avr8-gnu-toolchain/bin/../lib/gcc/avr/5.4.0/avr51\libgcc.a(_exit.o)
 .data          0x00000000        0x0 c:/program files (x86)/atmel/studio/7.0/toolchain/avr8/avr8-gnu-toolchain/bin/../lib/gcc/avr/5.4.0/avr51\libgcc.a(_exit.o)
 .bss           0x00000000        0x0 c:/program files (x86)/atmel/studio/7.0/toolchain/avr8/avr8-gnu-toolchain/bin/../lib/gcc/avr/5.4.0/avr51\libgcc.a(_exit.o)
 .text.libgcc.mul
                0x00000000        0x0 c:/program files (x86)/atmel/studio/7.0/toolchain/avr8/avr8-gnu-toolchain/bin/../lib/gcc/avr/5.4.0/avr51\libgcc.a(_exit.o)
 .text.libgcc.div
                0x00000000        0x0 c:/program files (x86)/atmel/studio/7.0/toolchain/avr8/avr8-gnu-toolchain/bin/../lib/gcc/avr/5.4.0/avr51\libgcc.a(_exit.o)
 .text.libgcc   0x00000000        0x0 c:/program files (x86)/atmel/studio/7.0/toolchain/avr8/avr8-gnu-toolchain/bin/../lib/gcc/avr/5.4.0/avr51\libgcc.a(_exit.o)
 .text.libgcc.prologue
                0x00000000        0x0 c:/program files (x86)/atmel/studio/7.0/toolchain/avr8/avr8-gnu-toolchain/bin/../lib/gcc/avr/5.4.0/avr51\libgcc.a(_exit.o)
 .text.libgcc.builtins
                0x00000000        0x0 c:/program files (x86)/atmel/studio/7.0/toolchain/avr8/avr8-gnu-toolchain/bin/../lib/gcc/avr/5.4.0/avr51\libgcc.a(_exit.o)
 .text.libgcc.fmul
                0x00000000        0x0 c:/program files (x86)/atmel/studio/7.0/toolchain/avr8/avr8-gnu-toolchain/bin/../lib/gcc/avr/5.4.0/avr51\libgcc.a(_exit.o)
 .text.libgcc.fixed
                0x00000000        0x0 c:/program files (x86)/atmel/studio/7.0/toolchain/avr8/avr8-gnu-toolchain/bin/../lib/gcc/avr/5.4.0/avr51\libgcc.a(_exit.o)
 .text          0x00000000        0x0 c:/program files (x86)/atmel/studio/7.0/toolchain/avr8/avr8-gnu-toolchain/bin/../lib/gcc/avr/5.4.0/avr51\libgcc.a(_tablejump2.o)
 .data          0x00000000        0x0 c:/program files (x86)/atmel/studio/7.0/toolchain/avr8/avr8-gnu-toolchain/bin/../lib/gcc/avr/5.4.0/avr51\libgcc.a(_tablejump2.o)
 .bss           0x00000000        0x0 c:/program files (x86)/atmel/studio/7.0/toolchain/avr8/avr8-gnu-toolchain/bin/../lib/gcc/avr/5.4.0/avr51\libgcc.a(_tablejump2.o)
 .text.libgcc.mul
                0x00000000        0x0 c:/program files (x86)/atmel/studio/7.0/toolchain/avr8/avr8-gnu-toolchain/bin/../lib/gcc/avr/5.4.0/avr51\libgcc.a(_tablejump2.o)
 .text.libgcc.div
                0x00000000        0x0 c:/program files (x86)/atmel/studio/7.0/toolchain/avr8/avr8-gnu-toolchain/bin/../lib/gcc/avr/5.4.0/avr51\libgcc.a(_tablejump2.o)
 .text.libgcc.prologue
                0x00000000        0x0 c:/program files (x86)/atmel/studio/7.0/toolchain/avr8/avr8-gnu-toolchain/bin/../lib/gcc/avr/5.4.0/avr51\libgcc.a(_tablejump2.o)
 .text.libgcc.builtins
                0x00000000        0x0 c:/program files (x86)/atmel/studio/7.0/toolchain/avr8/avr8-gnu-toolchain/bin/../lib/gcc/avr/5.4.0/avr51\libgcc.a(_tablejump2.o)
 .text.libgcc.fmul
                0x00000000        0x0 c:/program files (x86)/atmel/studio/7.0/toolchain/avr8/avr8-gnu-toolchain/bin/../lib/gcc/avr/5.4.0/avr51\libgcc.a(_tablejump2.o)
 .text.libgcc.fixed
                0x00000000        0x0 c:/program files (x86)/atmel/studio/7.0/toolchain/avr8/avr8-gnu-toolchain/bin/../lib/gcc/avr/5.4.0/avr51\libgcc.a(_tablejump2.o)
 .text          0x00000000        0x0 c:/program files (x86)/atmel/studio/7.0/toolchain/avr8/avr8-gnu-toolchain/bin/../lib/gcc/avr/5.4.0/avr51\libgcc.a(_copy_data.o)
 .data          0x00000000        0x0 c:/program files (x86)/atmel/studio/7.0/toolchain/avr8/avr8-gnu-toolchain/bin/../lib/gcc/avr/5.4.0/avr51\libgcc.a(_copy_data.o)
 .bss           0x00000000        0x0 c:/program files (x86)/atmel/studio/7.0/toolchain/avr8/avr8-gnu-toolchain/bin/../lib/gcc/avr/5.4.0/avr51\libgcc.a(_copy_data.o)
 .text.libgcc.mul
                0x00000000        0x0 c:/program files (x86)/atmel/studio/7.0/toolchain/avr8/avr8-gnu-toolchain/bin/../lib/gcc/avr/5.4.0/avr51\libgcc.a(_copy_data.o)
 .text.libgcc.div
                0x00000000        0x0 c:/program files (x86)/atmel/studio/7.0/toolchain/avr8/avr8-gnu-toolchain/bin/../lib/gcc/avr/5.4.0/avr51\libgcc.a(_copy_data.o)
 .text.libgcc   0x00000000        0x0 c:/program files (x86)/atmel/studio/7.0/toolchain/avr8/avr8-gnu-toolchain/bin/../lib/gcc/avr/5.4.0/avr51\libgcc.a(_copy_data.o)
 .text.libgcc.prologue
                0x00000000        0x0 c:/program files (x86)/atmel/studio/7.0/toolchain/avr8/avr8-gnu-toolchain/bin/../lib/gcc/avr/5.4.0/avr51\libgcc.a(_copy_data.o)
 .text.libgcc.builtins
                0x00000000        0x0 c:/program files (x86)/atmel/studio/7.0/toolchain/avr8/avr8-gnu-toolchain/bin/../lib/gcc/avr/5.4.0/avr51\libgcc.a(_copy_data.o)
 .text.libgcc.fmul
                0x00000000        0x0 c:/program files (x86)/atmel/studio/7.0/toolchain/avr8/avr8-gnu-toolchain/bin/../lib/gcc/avr/5.4.0/avr51\libgcc.a(_copy_data.o)
 .text.libgcc.fixed
                0x00000000        0x0 c:/program files (x86)/atmel/studio/7.0/toolchain/avr8/avr8-gnu-toolchain/bin/../lib/gcc/avr/5.4.0/avr51\libgcc.a(_copy_data.o)
 .text          0x00000000        0x0 c:/program files (x86)/atmel/studio/7.0/toolchain/avr8/avr8-gnu-toolchain/bin/../lib/gcc/avr/5.4.0/avr51\libgcc.a(_clear_bss.o)
 .data          0x00000000        0x0 c:/program files (x86)/atmel/studio/7.0/toolchain/avr8/avr8-gnu-toolchain/bin/../lib/gcc/avr/5.4.0/avr51\libgcc.a(_clear_bss.o)
 .bss           0x00000000        0x0 c:/program files (x86)/atmel/studio/7.0/toolchain/avr8/avr8-gnu-toolchain/bin/../lib/gcc/avr/5.4.0/avr51\libgcc.a(_clear_bss.o)
 .text.libgcc.mul
                0x00000000        0x0 c:/program files (x86)/atmel/studio/7.0/toolchain/avr8/avr8-gnu-toolchain/bin/../lib/gcc/avr/5.4.0/avr51\libgcc.a(_clear_bss.o)
 .text.libgcc.div
                0x00000000        0x0 c:/program files (x86)/atmel/studio/7.0/toolchain/avr8/avr8-gnu-toolchain/bin/../lib/gcc/avr/5.4.0/avr51\libgcc.a(_clear_bss.o)
 .text.libgcc   0x00000000        0x0 c:/program files (x86)/atmel/studio/7.0/toolchain/avr8/avr8-gnu-toolchain/bin/../lib/gcc/avr/5.4.0/avr51\libgcc.a(_clear_bss.o)
 .text.libgcc.prologue
                0x00000000        0x0 c:/program files (x86)/atmel/studio/7.0/toolchain/avr8/avr8-gnu-toolchain/bin/../lib/gcc/avr/5.4.0/avr51\libgcc.a(_clear_bss.o)
 .text.libgcc.builtins
                0x00000000        0x0 c:/program files (x86)/atmel/studio/7.0/toolchain/avr8/avr8-gnu-toolchain/bin/../lib/gcc/avr/5.4.0/avr51\libgcc.a(_clear_bss.o)
 .text.libgcc.fmul
                0x00000000        0x0 c:/program files (x86)/atmel/studio/7.0/toolchain/avr8/avr8-gnu-toolchain/bin/../lib/gcc/avr/5.4.0/avr51\libgcc.a(_clear_bss.o)
 .text.libgcc.fixed
                0x00000000        0x0 c:/program files (x86)/atmel/studio/7.0/toolchain/avr8/avr8-gnu-toolchain/bin/../lib/gcc/avr/5.4.0/avr51\libgcc.a(_clear_bss.o)
 .text          0x00000000        0x0 c:/program files (x86)/atmel/studio/7.0/toolchain/avr8/avr8-gnu-toolchain/bin/../lib/gcc/avr/5.4.0/avr51\libgcc.a(_ctors.o)
 .data          0x00000000        0x0 c:/program files (x86)/atmel/studio/7.0/toolchain/avr8/avr8-gnu-toolchain/bin/../lib/gcc/avr/5.4.0/avr51\libgcc.a(_ctors.o)
 .bss           0x00000000        0x0 c:/program files (x86)/atmel/studio/7.0/toolchain/avr8/avr8-gnu-toolchain/bin/../lib/gcc/avr/5.4.0/avr51\libgcc.a(_ctors.o)
 .text.libgcc.mul
                0x00000000        0x0 c:/program files (x86)/atmel/studio/7.0/toolchain/avr8/avr8-gnu-toolchain/bin/../lib/gcc/avr/5.4.0/avr51\libgcc.a(_ctors.o)
 .text.libgcc.div
                0x00000000        0x0 c:/program files (x86)/atmel/studio/7.0/toolchain/avr8/avr8-gnu-toolchain/bin/../lib/gcc/avr/5.4.0/avr51\libgcc.a(_ctors.o)
 .text.libgcc   0x00000000        0x0 c:/program files (x86)/atmel/studio/7.0/toolchain/avr8/avr8-gnu-toolchain/bin/../lib/gcc/avr/5.4.0/avr51\libgcc.a(_ctors.o)
 .text.libgcc.prologue
                0x00000000        0x0 c:/program files (x86)/atmel/studio/7.0/toolchain/avr8/avr8-gnu-toolchain/bin/../lib/gcc/avr/5.4.0/avr51\libgcc.a(_ctors.o)
 .text.libgcc.builtins
                0x00000000        0x0 c:/program files (x86)/atmel/studio/7.0/toolchain/avr8/avr8-gnu-toolchain/bin/../lib/gcc/avr/5.4.0/avr51\libgcc.a(_ctors.o)
 .text.libgcc.fmul
                0x00000000        0x0 c:/program files (x86)/atmel/studio/7.0/toolchain/avr8/avr8-gnu-toolchain/bin/../lib/gcc/avr/5.4.0/avr51\libgcc.a(_ctors.o)
 .text.libgcc.fixed
                0x00000000        0x0 c:/program files (x86)/atmel/studio/7.0/toolchain/avr8/avr8-gnu-toolchain/bin/../lib/gcc/avr/5.4.0/avr51\libgcc.a(_ctors.o)

Memory Configuration

Name             Origin             Length             Attributes
text             0x00000000         0x00020000         xr
data             0x00800100         0x0000ff00         rw !x
eeprom           0x00810000         0x00010000         rw !x
fuse             0x00820000         0x00000003         rw !x
lock             0x00830000         0x00000400         rw !x
signature        0x00840000         0x00000400         rw !x
user_signatures  0x00850000         0x00000400         rw !x
*default*        0x00000000         0xffffffff

Linker script and memory map

Address of section .data set to 0x800100
LOAD C:/Program Files (x86)/Atmel/Studio/7.0/Packs/atmel/ATmega_DFP/1.2.209/gcc/dev/atmega1284p/avr51/crtatmega1284p.o
LOAD main.o
LOAD OLED.o
LOAD TWI.o
START GROUP
LOAD c:/program files (x86)/atmel/studio/7.0/toolchain/avr8/avr8-gnu-toolchain/bin/../lib/gcc/avr/5.4.0/../../../../avr/lib/avr51\libm.a
END GROUP
LOAD c:/program files (x86)/atmel/studio/7.0/toolchain/avr8/avr8-gnu-toolchain/bin/../lib/gcc/avr/5.4.0/avr51\libgcc.a
LOAD c:/program files (x86)/atmel/studio/7.0/toolchain/avr8/avr8-gnu-toolchain/bin/../lib/gcc/avr/5.4.0/../../../../avr/lib/avr51\libm.a
START GROUP
LOAD c:/program files (x86)/atmel/studio/7.0/toolchain/avr8/avr8-gnu-toolchain/bin/../lib/gcc/avr/5.4.0/avr51\libgcc.a
LOAD c:/program files (x86)/atmel/studio/7.0/toolchain/avr8/avr8-gnu-toolchain/bin/../lib/gcc/avr/5.4.0/../../../../avr/lib/avr51\libm.a
LOAD c:/program files (x86)/atmel/studio/7.0/toolchain/avr8/avr8-gnu-toolchain/bin/../lib/gcc/avr/5.4.0/../../../../avr/lib/avr51\libc.a
LOAD C:/Program Files (x86)/Atmel/Studio/7.0/Packs/atmel/ATmega_DFP/1.2.209/gcc/dev/atmega1284p/avr51\libatmega1284p.a
END GROUP
                0x00020000                __TEXT_REGION_LENGTH__ = DEFINED (__TEXT_REGION_LENGTH__)?__TEXT_REGION_LENGTH__:0x20000
                0x0000ff00                __DATA_REGION_LENGTH__ = DEFINED (__DATA_REGION_LENGTH__)?__DATA_REGION_LENGTH__:0xff00
                0x00010000                __EEPROM_REGION_LENGTH__ = DEFINED (__EEPROM_REGION_LENGTH__)?__EEPROM_REGION_LENGTH__:0x10000
                [0x00000003]                __FUSE_REGION_LENGTH__ = DEFINED (__FUSE_REGION_LENGTH__)?__FUSE_REGION_LENGTH__:0x400
                0x00000400                __LOCK_REGION_LENGTH__ = DEFINED (__LOCK_REGION_LENGTH__)?__LOCK_REGION_LENGTH__:0x400
                0x00000400                __SIGNATURE_REGION_LENGTH__ = DEFINED (__SIGNATURE_REGION_LENGTH__)?__SIGNATURE_REGION_LENGTH__:0x400
                0x00000400                __USER_SIGNATURE_REGION_LENGTH__ = DEFINED (__USER_SIGNATURE_REGION_LENGTH__)?__USER_SIGNATURE_REGION_LENGTH__:0x400

.hash
 *(.hash)

.dynsym
 *(.dynsym)

.dynstr
 *(.dynstr)

.gnu.version
 *(.gnu.version)

.gnu.version_d
 *(.gnu.version_d)

.gnu.version_r
 *(.gnu.version_r)

.rel.init
 *(.rel.init)

.rela.init
 *(.rela.init)

.rel.text
 *(.rel.text)
 *(.rel.text.*)
 *(.rel.gnu.linkonce.t*)

.rela.text
 *(.rela.text)
 *(.rela.text.*)
 *(.rela.gnu.linkonce.t*)

.rel.fini
 *(.rel.fini)

.rela.fini
 *(.rela.fini)

.rel.rodata
 *(.rel.rodata)
 *(.rel.rodata.*)
 *(.rel.gnu.linkonce.r*)

.rela.rodata
 *(.rela.rodata)
 *(.rela.rodata.*)
 *(.rela.gnu.linkonce.r*)

.rel.data
 *(.rel.data)
 *(.rel.data.*)
 *(.rel.gnu.linkonce.d*)

.rela.data
 *(.rela.data)
 *(.rela.data.*)
 *(.rela.gnu.linkonce.d*)

.rel.ctors
 *(.rel.ctors)

.rela.ctors
 *(.rela.ctors)

.rel.dtors
 *(.rel.dtors)

.rela.dtors
 *(.rela.dtors)

.rel.got
 *(.rel.got)

.rela.got
 *(.rela.got)

.rel.bss
 *(.rel.bss)

.rela.bss
 *(.rela.bss)

.rel.plt
 *(.rel.plt)

.rela.plt
 *(.rela.plt)

.text           0x00000000     0x4340
 *(.vectors)
 .vectors       0x00000000       0x8c C:/Program Files (x86)/Atmel/Studio/7.0/Packs/atmel/ATmega_DFP/1.2.209/gcc/dev/atmega1284p/avr51/crtatmega1284p.o
                0x00000000                __vector_default
                0x00000000                __vectors
 *(.vectors)
 *(.progmem.gcc*)
 .progmem.gcc_sw_table._ZN13Password_Menu6choiseEv
                0x0000008c       0x16 main.o
 .progmem.gcc_sw_table._ZN13Password_Menu7actionsEv
                0x000000a2       0x16 main.o
 .progmem.gcc_sw_table._Z5checkv
                0x000000b8       0x16 main.o
                0x000000ce                . = ALIGN (0x2)
                0x000000ce                __trampolines_start = .
 *(.trampolines)
 .trampolines   0x000000ce        0x0 linker stubs
 *(.trampolines*)
                0x000000ce                __trampolines_end = .
 *libprintf_flt.a:*(.progmem.data)
 *libc.a:*(.progmem.data)
 *(.progmem*)
                0x000000ce                . = ALIGN (0x2)
 *(.jumptables)
 *(.jumptables*)
 *(.lowtext)
 *(.lowtext*)
                0x000000ce                __ctors_start = .
 *(.ctors)
 .ctors         0x000000ce        0x2 main.o
                0x000000d0                __ctors_end = .
                0x000000d0                __dtors_start = .
 *(.dtors)
                0x000000d0                __dtors_end = .
 SORT(*)(.ctors)
 SORT(*)(.dtors)
 *(.init0)
 .init0         0x000000d0        0x0 C:/Program Files (x86)/Atmel/Studio/7.0/Packs/atmel/ATmega_DFP/1.2.209/gcc/dev/atmega1284p/avr51/crtatmega1284p.o
                0x000000d0                __init
 *(.init0)
 *(.init1)
 *(.init1)
 *(.init2)
 .init2         0x000000d0        0xc C:/Program Files (x86)/Atmel/Studio/7.0/Packs/atmel/ATmega_DFP/1.2.209/gcc/dev/atmega1284p/avr51/crtatmega1284p.o
 *(.init2)
 *(.init3)
 *(.init3)
 *(.init4)
 .init4         0x000000dc       0x1a c:/program files (x86)/atmel/studio/7.0/toolchain/avr8/avr8-gnu-toolchain/bin/../lib/gcc/avr/5.4.0/avr51\libgcc.a(_copy_data.o)
                0x000000dc                __do_copy_data
 .init4         0x000000f6       0x10 c:/program files (x86)/atmel/studio/7.0/toolchain/avr8/avr8-gnu-toolchain/bin/../lib/gcc/avr/5.4.0/avr51\libgcc.a(_clear_bss.o)
                0x000000f6                __do_clear_bss
 *(.init4)
 *(.init5)
 *(.init5)
 *(.init6)
 .init6         0x00000106       0x16 c:/program files (x86)/atmel/studio/7.0/toolchain/avr8/avr8-gnu-toolchain/bin/../lib/gcc/avr/5.4.0/avr51\libgcc.a(_ctors.o)
                0x00000106                __do_global_ctors
 *(.init6)
 *(.init7)
 *(.init7)
 *(.init8)
 *(.init8)
 *(.init9)
 .init9         0x0000011c        0x8 C:/Program Files (x86)/Atmel/Studio/7.0/Packs/atmel/ATmega_DFP/1.2.209/gcc/dev/atmega1284p/avr51/crtatmega1284p.o
 *(.init9)
 *(.text)
 .text          0x00000124        0x2 C:/Program Files (x86)/Atmel/Studio/7.0/Packs/atmel/ATmega_DFP/1.2.209/gcc/dev/atmega1284p/avr51/crtatmega1284p.o
                0x00000124                __vector_22
                0x00000124                __vector_28
                0x00000124                __vector_1
                0x00000124                __vector_32
                0x00000124                __vector_34
                0x00000124                __vector_24
                0x00000124                __vector_12
                0x00000124                __bad_interrupt
                0x00000124                __vector_6
                0x00000124                __vector_31
                0x00000124                __vector_3
                0x00000124                __vector_23
                0x00000124                __vector_30
                0x00000124                __vector_25
                0x00000124                __vector_11
                0x00000124                __vector_13
                0x00000124                __vector_17
                0x00000124                __vector_19
                0x00000124                __vector_7
                0x00000124                __vector_27
                0x00000124                __vector_5
                0x00000124                __vector_33
                0x00000124                __vector_9
                0x00000124                __vector_2
                0x00000124                __vector_21
                0x00000124                __vector_15
                0x00000124                __vector_29
                0x00000124                __vector_8
                0x00000124                __vector_26
                0x00000124                __vector_14
                0x00000124                __vector_10
                0x00000124                __vector_16
                0x00000124                __vector_18
                0x00000124                __vector_20
                0x00000126                . = ALIGN (0x2)
 *(.text.*)
 .text._ZN9Main_Menu7refreshEv
                0x00000126       0x26 main.o
                0x00000126                _ZN9Main_Menu7refreshEv
 .text._ZN9Main_Menu4nextEv
                0x0000014c       0x34 main.o
                0x0000014c                _ZN9Main_Menu4nextEv
 .text._ZN9Main_Menu8previousEv
                0x00000180       0x34 main.o
                0x00000180                _ZN9Main_Menu8previousEv
 .text._ZN9Main_Menu6choiseEv
                0x000001b4       0x66 main.o
                0x000001b4                _ZN9Main_Menu6choiseEv
 .text._ZN9Main_Menu4backEv
                0x0000021a        0x2 main.o
                0x0000021a                _ZN9Main_Menu4backEv
 .text._ZN9Main_Menu7animateEv
                0x0000021c        0x2 main.o
                0x0000021c                _ZN9Main_Menu7animateEv
 .text._ZN13Password_Menu7refreshEv
                0x0000021e       0x26 main.o
                0x0000021e                _ZN13Password_Menu7refreshEv
 .text._ZN13Password_Menu4nextEv
                0x00000244       0x34 main.o
                0x00000244                _ZN13Password_Menu4nextEv
 .text._ZN13Password_Menu8previousEv
                0x00000278       0x34 main.o
                0x00000278                _ZN13Password_Menu8previousEv
 .text._ZN13Password_Menu7animateEv
                0x000002ac        0x2 main.o
                0x000002ac                _ZN13Password_Menu7animateEv
 .text._ZN13Settings_Menu7refreshEv
                0x000002ae       0x26 main.o
                0x000002ae                _ZN13Settings_Menu7refreshEv
 .text._ZN13Settings_Menu4nextEv
                0x000002d4       0x34 main.o
                0x000002d4                _ZN13Settings_Menu4nextEv
 .text._ZN13Settings_Menu8previousEv
                0x00000308       0x34 main.o
                0x00000308                _ZN13Settings_Menu8previousEv
 .text._ZN13Settings_Menu6choiseEv
                0x0000033c       0x1e main.o
                0x0000033c                _ZN13Settings_Menu6choiseEv
 .text._ZN13Settings_Menu4backEv
                0x0000035a       0x1c main.o
                0x0000035a                _ZN13Settings_Menu4backEv
 .text._ZN13Settings_Menu7animateEv
                0x00000376        0x2 main.o
                0x00000376                _ZN13Settings_Menu7animateEv
 .text._ZN9Info_menu7refreshEv
                0x00000378       0x26 main.o
                0x00000378                _ZN9Info_menu7refreshEv
 .text._ZN9Info_menu4nextEv
                0x0000039e       0x34 main.o
                0x0000039e                _ZN9Info_menu4nextEv
 .text._ZN9Info_menu8previousEv
                0x000003d2       0x34 main.o
                0x000003d2                _ZN9Info_menu8previousEv
 .text._ZN9Info_menu4backEv
                0x00000406       0x1c main.o
                0x00000406                _ZN9Info_menu4backEv
 .text._ZN9Info_menu7animateEv
                0x00000422        0x2 main.o
                0x00000422                _ZN9Info_menu7animateEv
 .text._ZN9User_Info7DefaultEv
                0x00000424        0x2 main.o
                0x00000424                _ZN9User_Info7DefaultEv
 .text._ZN9User_Info7refreshEv
                0x00000426       0x26 main.o
                0x00000426                _ZN9User_Info7refreshEv
 .text._ZN9User_Info4nextEv
                0x0000044c       0x26 main.o
                0x0000044c                _ZN9User_Info4nextEv
 .text._ZN9User_Info8previousEv
                0x00000472       0x26 main.o
                0x00000472                _ZN9User_Info8previousEv
 .text._ZN9User_Info6choiseEv
                0x00000498       0x10 main.o
                0x00000498                _ZN9User_Info6choiseEv
 .text._ZN9User_Info4backEv
                0x000004a8       0x1c main.o
                0x000004a8                _ZN9User_Info4backEv
 .text._ZN9User_Info7animateEv
                0x000004c4        0x2 main.o
                0x000004c4                _ZN9User_Info7animateEv
 .text._ZN11Device_info7DefaultEv
                0x000004c6        0x2 main.o
                0x000004c6                _ZN11Device_info7DefaultEv
 .text._ZN11Device_info7refreshEv
                0x000004c8       0x26 main.o
                0x000004c8                _ZN11Device_info7refreshEv
 .text._ZN11Device_info4nextEv
                0x000004ee       0x10 main.o
                0x000004ee                _ZN11Device_info4nextEv
 .text._ZN11Device_info8previousEv
                0x000004fe       0x10 main.o
                0x000004fe                _ZN11Device_info8previousEv
 .text._ZN11Device_info6choiseEv
                0x0000050e       0x10 main.o
                0x0000050e                _ZN11Device_info6choiseEv
 .text._ZN11Device_info4backEv
                0x0000051e       0x10 main.o
                0x0000051e                _ZN11Device_info4backEv
 .text._ZN11Device_info7animateEv
                0x0000052e        0x2 main.o
                0x0000052e                _ZN11Device_info7animateEv
 .text._ZN13Password_Menu6choiseEv
                0x00000530      0x4b6 main.o
                0x00000530                _ZN13Password_Menu6choiseEv
 .text._ZN13Password_Menu4backEv
                0x000009e6       0xc0 main.o
                0x000009e6                _ZN13Password_Menu4backEv
 .text._ZN9Info_menu7actionsEv
                0x00000aa6      0x436 main.o
                0x00000aa6                _ZN9Info_menu7actionsEv
 .text._ZN9Info_menu7DefaultEv
                0x00000edc       0x68 main.o
                0x00000edc                _ZN9Info_menu7DefaultEv
 .text._ZN13Settings_Menu7actionsEv
                0x00000f44      0x6fa main.o
                0x00000f44                _ZN13Settings_Menu7actionsEv
 .text._ZN13Settings_Menu7DefaultEv
                0x0000163e       0x68 main.o
                0x0000163e                _ZN13Settings_Menu7DefaultEv
 .text._ZN13Password_Menu7actionsEv
                0x000016a6      0x836 main.o
                0x000016a6                _ZN13Password_Menu7actionsEv
 .text._ZN13Password_Menu7DefaultEv
                0x00001edc       0xa4 main.o
                0x00001edc                _ZN13Password_Menu7DefaultEv
 .text._ZN9Main_Menu7actionsEv
                0x00001f80      0x106 main.o
                0x00001f80                _ZN9Main_Menu7actionsEv
 .text._ZN9Main_Menu7DefaultEv
                0x00002086       0x56 main.o
                0x00002086                _ZN9Main_Menu7DefaultEv
 .text._ZN9User_Info7actionsEv
                0x000020dc      0x66c main.o
                0x000020dc                _ZN9User_Info7actionsEv
 .text._ZN11Device_info7actionsEv
                0x00002748      0x35a main.o
                0x00002748                _ZN11Device_info7actionsEv
 .text._ZN9Info_menu6choiseEv
                0x00002aa2       0x52 main.o
                0x00002aa2                _ZN9Info_menu6choiseEv
 .text._ZN9User_Info5closeEv
                0x00002af4       0x1a main.o
                0x00002af4                _ZN9User_Info5closeEv
 .text._ZN11Device_info5closeEv
                0x00002b0e       0x1a main.o
                0x00002b0e                _ZN11Device_info5closeEv
 .text._ZN9Info_menu5closeEv
                0x00002b28       0x1a main.o
                0x00002b28                _ZN9Info_menu5closeEv
 .text._ZN13Settings_Menu5closeEv
                0x00002b42       0x1a main.o
                0x00002b42                _ZN13Settings_Menu5closeEv
 .text._ZN13Password_Menu5closeEv
                0x00002b5c       0x1a main.o
                0x00002b5c                _ZN13Password_Menu5closeEv
 .text._ZN9Main_Menu5closeEv
                0x00002b76        0xa main.o
                0x00002b76                _ZN9Main_Menu5closeEv
 .text.__vector_4
                0x00002b80      0x1b8 main.o
                0x00002b80                __vector_4
 .text._Z5checkv
                0x00002d38      0xc9e main.o
                0x00002d38                _Z5checkv
 .text._ZN6Batary19printlvltoOLEDbuferEv
                0x000039d6       0xee main.o
                0x000039d6                _ZN6Batary19printlvltoOLEDbuferEv
 .text._Z10USART_Initv
                0x00003ac4       0x1c main.o
                0x00003ac4                _Z10USART_Initv
 .text._Z9send_Uartc
                0x00003ae0       0x10 main.o
                0x00003ae0                _Z9send_Uartc
 .text._Z13send_Uart_strPKc
                0x00003af0       0x1c main.o
                0x00003af0                _Z13send_Uart_strPKc
 .text.main     0x00003b0c      0x34a main.o
                0x00003b0c                main
 .text._GLOBAL__sub_I_zero
                0x00003e56      0x110 main.o
 .text._ZN4OLED12OLED_CommandEi
                0x00003f66       0x2c OLED.o
                0x00003f66                _ZN4OLED12OLED_CommandEi
 .text._ZN4OLED9OLED_DataEi
                0x00003f92       0x16 OLED.o
                0x00003f92                _ZN4OLED9OLED_DataEi
 .text._ZN4OLED16OLED_Write_BuferEv
                0x00003fa8       0x32 OLED.o
                0x00003fa8                _ZN4OLED16OLED_Write_BuferEv
 .text._ZN4OLED16OLED_Bufer_ClearEv
                0x00003fda        0xe OLED.o
                0x00003fda                _ZN4OLED16OLED_Bufer_ClearEv
 .text._ZN4OLEDC2E3TWI
                0x00003fe8      0x114 OLED.o
                0x00003fe8                _ZN4OLEDC2E3TWI
                0x00003fe8                _ZN4OLEDC1E3TWI
 .text._ZN4OLED21OLED_Clear_Bufer_partEiiii
                0x000040fc       0x9e OLED.o
                0x000040fc                _ZN4OLED21OLED_Clear_Bufer_partEiiii
 .text._ZN4OLED19OLED_Write_To_BuferEiiiiPKh
                0x0000419a      0x15a OLED.o
                0x0000419a                _ZN4OLED19OLED_Write_To_BuferEiiiiPKh
 .text._ZN3TWIC2Ev
                0x000042f4        0x2 TWI.o
                0x000042f4                _ZN3TWIC1Ev
                0x000042f4                _ZN3TWIC2Ev
 .text._ZN3TWI8twi_InitEv
                0x000042f6        0xa TWI.o
                0x000042f6                _ZN3TWI8twi_InitEv
 .text._ZN3TWI14twi_SendAdressEv
                0x00004300       0x18 TWI.o
                0x00004300                _ZN3TWI14twi_SendAdressEv
 .text._ZN3TWI9twi_StartEv
                0x00004318       0x12 TWI.o
                0x00004318                _ZN3TWI9twi_StartEv
 .text.libgcc   0x0000432a       0x12 c:/program files (x86)/atmel/studio/7.0/toolchain/avr8/avr8-gnu-toolchain/bin/../lib/gcc/avr/5.4.0/avr51\libgcc.a(_tablejump2.o)
                0x0000432a                __tablejump2__
                0x0000433c                . = ALIGN (0x2)
 *(.fini9)
 .fini9         0x0000433c        0x0 c:/program files (x86)/atmel/studio/7.0/toolchain/avr8/avr8-gnu-toolchain/bin/../lib/gcc/avr/5.4.0/avr51\libgcc.a(_exit.o)
                0x0000433c                _exit
                0x0000433c                exit
 *(.fini9)
 *(.fini8)
 *(.fini8)
 *(.fini7)
 *(.fini7)
 *(.fini6)
 *(.fini6)
 *(.fini5)
 *(.fini5)
 *(.fini4)
 *(.fini4)
 *(.fini3)
 *(.fini3)
 *(.fini2)
 *(.fini2)
 *(.fini1)
 *(.fini1)
 *(.fini0)
 .fini0         0x0000433c        0x4 c:/program files (x86)/atmel/studio/7.0/toolchain/avr8/avr8-gnu-toolchain/bin/../lib/gcc/avr/5.4.0/avr51\libgcc.a(_exit.o)
 *(.fini0)
                0x00004340                _etext = .

.data           0x00800100      0x514 load address 0x00004340
                0x00800100                PROVIDE (__data_start, .)
 *(.data)
 *(.data*)
 .data.Main_Menu_Status
                0x00800100        0x1 main.o
                0x00800100                Main_Menu_Status
 .data.backk    0x00800101       0x10 main.o
                0x00800101                backk
 .data.Y        0x00800111        0x8 main.o
                0x00800111                Y
 .data.W        0x00800119        0x8 main.o
                0x00800119                W
 .data.V        0x00800121        0x8 main.o
                0x00800121                V
 .data.U        0x00800129        0x8 main.o
                0x00800129                U
 .data.T        0x00800131        0x8 main.o
                0x00800131                T
 .data.S        0x00800139        0x8 main.o
                0x00800139                S
 .data.R        0x00800141        0x8 main.o
                0x00800141                R
 .data.O        0x00800149        0x8 main.o
                0x00800149                O
 .data.N        0x00800151        0x8 main.o
                0x00800151                N
 .data.M        0x00800159        0x8 main.o
                0x00800159                M
 .data.K        0x00800161        0x8 main.o
                0x00800161                K
 .data.J        0x00800169        0x8 main.o
                0x00800169                J
 .data.I        0x00800171        0x8 main.o
                0x00800171                I
 .data.H        0x00800179        0x8 main.o
                0x00800179                H
 .data.G        0x00800181        0x8 main.o
                0x00800181                G
 .data.F        0x00800189        0x8 main.o
                0x00800189                F
 .data.E        0x00800191        0x8 main.o
                0x00800191                E
 .data.D        0x00800199        0x8 main.o
                0x00800199                D
 .data.C        0x008001a1        0x8 main.o
                0x008001a1                C
 .data.B        0x008001a9        0x8 main.o
                0x008001a9                B
 .data.A        0x008001b1        0x8 main.o
                0x008001b1                A
 .data.Net3     0x008001b9       0x10 main.o
                0x008001b9                Net3
 .data.batary1  0x008001c9       0x20 main.o
                0x008001c9                batary1
 .data.batary2  0x008001e9       0x20 main.o
                0x008001e9                batary2
 .data.batary3  0x00800209       0x20 main.o
                0x00800209                batary3
 .data.batary4  0x00800229       0x20 main.o
                0x00800229                batary4
 .data.batary5  0x00800249       0x20 main.o
                0x00800249                batary5
 .data.downwd   0x00800269       0x10 main.o
                0x00800269                downwd
 .data.upwd     0x00800279       0x10 main.o
                0x00800279                upwd
 .data.lt       0x00800289       0x10 main.o
                0x00800289                lt
 .data.unlock   0x00800299       0x80 main.o
                0x00800299                unlock
 .data.rt       0x00800319       0x10 main.o
                0x00800319                rt
 .data.lock     0x00800329       0x80 main.o
                0x00800329                lock
 .data.info     0x008003a9       0x90 main.o
                0x008003a9                info
 .data.gear     0x00800439       0x90 main.o
                0x00800439                gear
 .data.downn    0x008004c9        0x8 main.o
                0x008004c9                downn
 .data.upp      0x008004d1        0x8 main.o
                0x008004d1                upp
 .data.arrow    0x008004d9        0x8 main.o
                0x008004d9                arrow
 .data.line     0x008004e1        0x8 main.o
                0x008004e1                line
 .data.nine     0x008004e9        0x8 main.o
                0x008004e9                nine
 .data.eight    0x008004f1        0x8 main.o
                0x008004f1                eight
 .data.seven    0x008004f9        0x8 main.o
                0x008004f9                seven
 .data.six      0x00800501        0x8 main.o
                0x00800501                six
 .data.five     0x00800509        0x8 main.o
                0x00800509                five
 .data.four     0x00800511        0x8 main.o
                0x00800511                four
 .data.three    0x00800519        0x8 main.o
                0x00800519                three
 .data.two      0x00800521        0x8 main.o
                0x00800521                two
 .data.one      0x00800529        0x8 main.o
                0x00800529                one
 .data.zero     0x00800531        0x8 main.o
                0x00800531                zero
 *(.gnu.linkonce.d*)
 *(.rodata)
 .rodata        0x00800539       0x18 main.o
 *(.rodata*)
 .rodata.str1.1
                0x00800551       0x3e main.o
 .rodata._ZTV9Main_Menu
                0x0080058f       0x16 main.o
                0x0080058f                _ZTV9Main_Menu
 .rodata._ZTV13Password_Menu
                0x008005a5       0x16 main.o
                0x008005a5                _ZTV13Password_Menu
 .rodata._ZTV13Settings_Menu
                0x008005bb       0x16 main.o
                0x008005bb                _ZTV13Settings_Menu
 .rodata._ZTV9Info_menu
                0x008005d1       0x16 main.o
                0x008005d1                _ZTV9Info_menu
 .rodata._ZTV9User_Info
                0x008005e7       0x16 main.o
                0x008005e7                _ZTV9User_Info
 .rodata._ZTV11Device_info
                0x008005fd       0x16 main.o
                0x008005fd                _ZTV11Device_info
 *(.gnu.linkonce.r*)
                0x00800614                . = ALIGN (0x2)
 *fill*         0x00800613        0x1 
                0x00800614                _edata = .
                0x00800614                PROVIDE (__data_end, .)

.bss            0x00800614      0x460
                0x00800614                PROVIDE (__bss_start, .)
 *(.bss)
 *(.bss*)
 .bss.batary    0x00800614        0x2 main.o
                0x00800614                batary
 .bss.btn12     0x00800616        0x1 main.o
                0x00800616                btn12
 .bss.btn03     0x00800617        0x1 main.o
                0x00800617                btn03
 .bss.btn3      0x00800618        0x1 main.o
                0x00800618                btn3
 .bss.btn2      0x00800619        0x1 main.o
                0x00800619                btn2
 .bss.btn1      0x0080061a        0x1 main.o
                0x0080061a                btn1
 .bss.btn0      0x0080061b        0x1 main.o
                0x0080061b                btn0
 .bss.dev_inf   0x0080061c        0xa main.o
                0x0080061c                dev_inf
 .bss.us_inf    0x00800626        0xe main.o
                0x00800626                us_inf
 .bss.menu      0x00800634        0x6 main.o
                0x00800634                menu
 .bss.passw_menu
                0x0080063a       0x14 main.o
                0x0080063a                passw_menu
 .bss.sett_menu
                0x0080064e       0x10 main.o
                0x0080064e                sett_menu
 .bss.inf_menu  0x0080065e        0xe main.o
                0x0080065e                inf_menu
 .bss.locked    0x0080066c        0x1 main.o
                0x0080066c                locked
 .bss.Device_Info_Status
                0x0080066d        0x1 main.o
                0x0080066d                Device_Info_Status
 .bss.User_Info_Status
                0x0080066e        0x1 main.o
                0x0080066e                User_Info_Status
 .bss.Info_Menu_Status
                0x0080066f        0x1 main.o
                0x0080066f                Info_Menu_Status
 .bss.Settings_Menu_Status
                0x00800670        0x1 main.o
                0x00800670                Settings_Menu_Status
 .bss.Password_Menu_Status
                0x00800671        0x1 main.o
                0x00800671                Password_Menu_Status
 .bss.oled      0x00800672      0x401 main.o
                0x00800672                oled
 .bss.wire      0x00800a73        0x1 main.o
                0x00800a73                wire
 *(COMMON)
                0x00800a74                PROVIDE (__bss_end, .)
                0x00004340                __data_load_start = LOADADDR (.data)
                0x00004854                __data_load_end = (__data_load_start + SIZEOF (.data))

.noinit         0x00800a74        0x0
                [!provide]                PROVIDE (__noinit_start, .)
 *(.noinit*)
                [!provide]                PROVIDE (__noinit_end, .)
                0x00800a74                _end = .
                [!provide]                PROVIDE (__heap_start, .)

.eeprom         0x00810000        0x0
 *(.eeprom*)
                0x00810000                __eeprom_end = .

.fuse
 *(.fuse)
 *(.lfuse)
 *(.hfuse)
 *(.efuse)

.lock
 *(.lock*)

.signature
 *(.signature*)

.user_signatures
 *(.user_signatures*)

.stab
 *(.stab)

.stabstr
 *(.stabstr)

.stab.excl
 *(.stab.excl)

.stab.exclstr
 *(.stab.exclstr)

.stab.index
 *(.stab.index)

.stab.indexstr
 *(.stab.indexstr)

.comment        0x00000000       0x30
 *(.comment)
 .comment       0x00000000       0x30 main.o
                                 0x31 (size before relaxing)
 .comment       0x00000030       0x31 OLED.o
 .comment       0x00000030       0x31 TWI.o

.note.gnu.avr.deviceinfo
                0x00000000       0x40
 .note.gnu.avr.deviceinfo
                0x00000000       0x40 C:/Program Files (x86)/Atmel/Studio/7.0/Packs/atmel/ATmega_DFP/1.2.209/gcc/dev/atmega1284p/avr51/crtatmega1284p.o

.note.gnu.build-id
 *(.note.gnu.build-id)

.debug
 *(.debug)

.line
 *(.line)

.debug_srcinfo
 *(.debug_srcinfo)

.debug_sfnames
 *(.debug_sfnames)

.debug_aranges  0x00000000      0x2a8
 *(.debug_aranges)
 .debug_aranges
                0x00000000      0x210 main.o
 .debug_aranges
                0x00000210       0x50 OLED.o
 .debug_aranges
                0x00000260       0x48 TWI.o

.debug_pubnames
 *(.debug_pubnames)

.debug_info     0x00000000     0x9374
 *(.debug_info .gnu.linkonce.wi.*)
 .debug_info    0x00000000      0x792 C:/Program Files (x86)/Atmel/Studio/7.0/Packs/atmel/ATmega_DFP/1.2.209/gcc/dev/atmega1284p/avr51/crtatmega1284p.o
 .debug_info    0x00000792     0x7ffb main.o
 .debug_info    0x0000878d      0x996 OLED.o
 .debug_info    0x00009123      0x251 TWI.o

.debug_abbrev   0x00000000      0xf7a
 *(.debug_abbrev)
 .debug_abbrev  0x00000000      0x729 C:/Program Files (x86)/Atmel/Studio/7.0/Packs/atmel/ATmega_DFP/1.2.209/gcc/dev/atmega1284p/avr51/crtatmega1284p.o
 .debug_abbrev  0x00000729      0x523 main.o
 .debug_abbrev  0x00000c4c      0x200 OLED.o
 .debug_abbrev  0x00000e4c      0x12e TWI.o

.debug_line     0x00000000     0x2037
 *(.debug_line .debug_line.* .debug_line_end)
 .debug_line    0x00000000      0x169 C:/Program Files (x86)/Atmel/Studio/7.0/Packs/atmel/ATmega_DFP/1.2.209/gcc/dev/atmega1284p/avr51/crtatmega1284p.o
 .debug_line    0x00000169     0x1af7 main.o
 .debug_line    0x00001c60      0x2f4 OLED.o
 .debug_line    0x00001f54       0xe3 TWI.o

.debug_frame    0x00000000      0x890
 *(.debug_frame)
 .debug_frame   0x00000000      0x6dc main.o
 .debug_frame   0x000006dc      0x140 OLED.o
 .debug_frame   0x0000081c       0x74 TWI.o

.debug_str      0x00000000     0x10e3
 *(.debug_str)
 .debug_str     0x00000000      0x296 C:/Program Files (x86)/Atmel/Studio/7.0/Packs/atmel/ATmega_DFP/1.2.209/gcc/dev/atmega1284p/avr51/crtatmega1284p.o
 .debug_str     0x00000296      0xdfb main.o
                                0xe5b (size before relaxing)
 .debug_str     0x00001091       0x39 OLED.o
                                0x3b7 (size before relaxing)
 .debug_str     0x000010ca       0x19 TWI.o
                                0x246 (size before relaxing)

.debug_loc      0x00000000     0x42d1
 *(.debug_loc)
 .debug_loc     0x00000000     0x3b89 main.o
 .debug_loc     0x00003b89      0x6b0 OLED.o
 .debug_loc     0x00004239       0x98 TWI.o

.debug_macinfo
 *(.debug_macinfo)

.debug_weaknames
 *(.debug_weaknames)

.debug_funcnames
 *(.debug_funcnames)

.debug_typenames
 *(.debug_typenames)

.debug_varnames
 *(.debug_varnames)

.debug_pubtypes
 *(.debug_pubtypes)

.debug_ranges   0x00000000      0x320
 *(.debug_ranges)
 .debug_ranges  0x00000000      0x290 main.o
 .debug_ranges  0x00000290       0x58 OLED.o
 .debug_ranges  0x000002e8       0x38 TWI.o

.debug_macro
 *(.debug_macro)
OUTPUT(SmartLock.elf elf32-avr)
LOAD linker stubs
